14:42:28 **** Clean-only build of configuration Debug for project prj_ps ****
make clean 
rm -rf  ./src/algorithm_ARM.o ./src/arm_comp_fpga.o ./src/dma.o ./src/helloworld.o ./src/platform.o  ./src/algorithm_ARM.d ./src/arm_comp_fpga.d ./src/dma.d ./src/helloworld.d ./src/platform.d  prj_ps.elf.size  prj_ps.elf
' '
14:42:29 **** Clean-only build of project prj_ps_bsp ****
make -k clean 
make -C ps7_cortexa9_0/libsrc/axidma_v9_6/src -s clean 
make -C ps7_cortexa9_0/libsrc/axivdma_v6_5/src -s clean 
make -C ps7_cortexa9_0/libsrc/coresightps_dcc_v1_4/src -s clean 
make -C ps7_cortexa9_0/libsrc/cpu_cortexa9_v2_6/src -s clean 
make -C ps7_cortexa9_0/libsrc/ddrps_v1_0/src -s clean 
make -C ps7_cortexa9_0/libsrc/devcfg_v3_5/src -s clean 
make -C ps7_cortexa9_0/libsrc/dmaps_v2_3/src -s clean 
make -C ps7_cortexa9_0/libsrc/emacps_v3_7/src -s clean 
make -C ps7_cortexa9_0/libsrc/gpio_v4_3/src -s clean 
make -C ps7_cortexa9_0/libsrc/iicps_v3_6/src -s clean 
make -C ps7_cortexa9_0/libsrc/nandps_v2_3/src -s clean 
make -C ps7_cortexa9_0/libsrc/scugic_v3_9/src -s clean 
make -C ps7_cortexa9_0/libsrc/scutimer_v2_1/src -s clean 
make -C ps7_cortexa9_0/libsrc/scuwdt_v2_1/src -s clean 
make -C ps7_cortexa9_0/libsrc/standalone_v6_6/src -s clean 
make -C ps7_cortexa9_0/libsrc/uartps_v3_6/src -s clean 
make -C ps7_cortexa9_0/libsrc/xadcps_v2_2/src -s clean 
rm -f ps7_cortexa9_0/lib/libxil.a
14:42:31 **** Build of project prj_ps_bsp ****
make -k all 
"Running Make include in ps7_cortexa9_0/libsrc/axidma_v9_6/src"
make -C ps7_cortexa9_0/libsrc/axidma_v9_6/src -s include  "SHELL=CMD" "COMPILER=arm-none-eabi-gcc" "ARCHIVER=arm-none-eabi-ar" "COMPILER_FLAGS=  -O2 -c" "EXTRA_COMPILER_FLAGS=-mcpu=cortex-a9 -mfpu=vfpv3 -mfloat-abi=hard -nostartfiles -g -Wall -Wextra"
"Running Make include in ps7_cortexa9_0/libsrc/axivdma_v6_5/src"
make -C ps7_cortexa9_0/libsrc/axivdma_v6_5/src -s include  "SHELL=CMD" "COMPILER=arm-none-eabi-gcc" "ARCHIVER=arm-none-eabi-ar" "COMPILER_FLAGS=  -O2 -c" "EXTRA_COMPILER_FLAGS=-mcpu=cortex-a9 -mfpu=vfpv3 -mfloat-abi=hard -nostartfiles -g -Wall -Wextra"
"Running Make include in ps7_cortexa9_0/libsrc/coresightps_dcc_v1_4/src"
make -C ps7_cortexa9_0/libsrc/coresightps_dcc_v1_4/src -s include  "SHELL=CMD" "COMPILER=arm-none-eabi-gcc" "ARCHIVER=arm-none-eabi-ar" "COMPILER_FLAGS=  -O2 -c" "EXTRA_COMPILER_FLAGS=-mcpu=cortex-a9 -mfpu=vfpv3 -mfloat-abi=hard -nostartfiles -g -Wall -Wextra"
"Running Make include in ps7_cortexa9_0/libsrc/cpu_cortexa9_v2_6/src"
make -C ps7_cortexa9_0/libsrc/cpu_cortexa9_v2_6/src -s include  "SHELL=CMD" "COMPILER=arm-none-eabi-gcc" "ARCHIVER=arm-none-eabi-ar" "COMPILER_FLAGS=  -O2 -c" "EXTRA_COMPILER_FLAGS=-mcpu=cortex-a9 -mfpu=vfpv3 -mfloat-abi=hard -nostartfiles -g -Wall -Wextra"
"Running Make include in ps7_cortexa9_0/libsrc/ddrps_v1_0/src"
make -C ps7_cortexa9_0/libsrc/ddrps_v1_0/src -s include  "SHELL=CMD" "COMPILER=arm-none-eabi-gcc" "ARCHIVER=arm-none-eabi-ar" "COMPILER_FLAGS=  -O2 -c" "EXTRA_COMPILER_FLAGS=-mcpu=cortex-a9 -mfpu=vfpv3 -mfloat-abi=hard -nostartfiles -g -Wall -Wextra"
"Running Make include in ps7_cortexa9_0/libsrc/devcfg_v3_5/src"
make -C ps7_cortexa9_0/libsrc/devcfg_v3_5/src -s include  "SHELL=CMD" "COMPILER=arm-none-eabi-gcc" "ARCHIVER=arm-none-eabi-ar" "COMPILER_FLAGS=  -O2 -c" "EXTRA_COMPILER_FLAGS=-mcpu=cortex-a9 -mfpu=vfpv3 -mfloat-abi=hard -nostartfiles -g -Wall -Wextra"
"Running Make include in ps7_cortexa9_0/libsrc/dmaps_v2_3/src"
make -C ps7_cortexa9_0/libsrc/dmaps_v2_3/src -s include  "SHELL=CMD" "COMPILER=arm-none-eabi-gcc" "ARCHIVER=arm-none-eabi-ar" "COMPILER_FLAGS=  -O2 -c" "EXTRA_COMPILER_FLAGS=-mcpu=cortex-a9 -mfpu=vfpv3 -mfloat-abi=hard -nostartfiles -g -Wall -Wextra"
"Running Make include in ps7_cortexa9_0/libsrc/emacps_v3_7/src"
make -C ps7_cortexa9_0/libsrc/emacps_v3_7/src -s include  "SHELL=CMD" "COMPILER=arm-none-eabi-gcc" "ARCHIVER=arm-none-eabi-ar" "COMPILER_FLAGS=  -O2 -c" "EXTRA_COMPILER_FLAGS=-mcpu=cortex-a9 -mfpu=vfpv3 -mfloat-abi=hard -nostartfiles -g -Wall -Wextra"
"Running Make include in ps7_cortexa9_0/libsrc/gpio_v4_3/src"
make -C ps7_cortexa9_0/libsrc/gpio_v4_3/src -s include  "SHELL=CMD" "COMPILER=arm-none-eabi-gcc" "ARCHIVER=arm-none-eabi-ar" "COMPILER_FLAGS=  -O2 -c" "EXTRA_COMPILER_FLAGS=-mcpu=cortex-a9 -mfpu=vfpv3 -mfloat-abi=hard -nostartfiles -g -Wall -Wextra"
"Running Make include in ps7_cortexa9_0/libsrc/iicps_v3_6/src"
make -C ps7_cortexa9_0/libsrc/iicps_v3_6/src -s include  "SHELL=CMD" "COMPILER=arm-none-eabi-gcc" "ARCHIVER=arm-none-eabi-ar" "COMPILER_FLAGS=  -O2 -c" "EXTRA_COMPILER_FLAGS=-mcpu=cortex-a9 -mfpu=vfpv3 -mfloat-abi=hard -nostartfiles -g -Wall -Wextra"
"Running Make include in ps7_cortexa9_0/libsrc/nandps_v2_3/src"
make -C ps7_cortexa9_0/libsrc/nandps_v2_3/src -s include  "SHELL=CMD" "COMPILER=arm-none-eabi-gcc" "ARCHIVER=arm-none-eabi-ar" "COMPILER_FLAGS=  -O2 -c" "EXTRA_COMPILER_FLAGS=-mcpu=cortex-a9 -mfpu=vfpv3 -mfloat-abi=hard -nostartfiles -g -Wall -Wextra"
"Running Make include in ps7_cortexa9_0/libsrc/scugic_v3_9/src"
make -C ps7_cortexa9_0/libsrc/scugic_v3_9/src -s include  "SHELL=CMD" "COMPILER=arm-none-eabi-gcc" "ARCHIVER=arm-none-eabi-ar" "COMPILER_FLAGS=  -O2 -c" "EXTRA_COMPILER_FLAGS=-mcpu=cortex-a9 -mfpu=vfpv3 -mfloat-abi=hard -nostartfiles -g -Wall -Wextra"
"Running Make include in ps7_cortexa9_0/libsrc/scutimer_v2_1/src"
make -C ps7_cortexa9_0/libsrc/scutimer_v2_1/src -s include  "SHELL=CMD" "COMPILER=arm-none-eabi-gcc" "ARCHIVER=arm-none-eabi-ar" "COMPILER_FLAGS=  -O2 -c" "EXTRA_COMPILER_FLAGS=-mcpu=cortex-a9 -mfpu=vfpv3 -mfloat-abi=hard -nostartfiles -g -Wall -Wextra"
"Running Make include in ps7_cortexa9_0/libsrc/scuwdt_v2_1/src"
make -C ps7_cortexa9_0/libsrc/scuwdt_v2_1/src -s include  "SHELL=CMD" "COMPILER=arm-none-eabi-gcc" "ARCHIVER=arm-none-eabi-ar" "COMPILER_FLAGS=  -O2 -c" "EXTRA_COMPILER_FLAGS=-mcpu=cortex-a9 -mfpu=vfpv3 -mfloat-abi=hard -nostartfiles -g -Wall -Wextra"
"Running Make include in ps7_cortexa9_0/libsrc/standalone_v6_6/src"
make -C ps7_cortexa9_0/libsrc/standalone_v6_6/src -s include  "SHELL=CMD" "COMPILER=arm-none-eabi-gcc" "ARCHIVER=arm-none-eabi-ar" "COMPILER_FLAGS=  -O2 -c" "EXTRA_COMPILER_FLAGS=-mcpu=cortex-a9 -mfpu=vfpv3 -mfloat-abi=hard -nostartfiles -g -Wall -Wextra"
"Running Make include in ps7_cortexa9_0/libsrc/uartps_v3_6/src"
make -C ps7_cortexa9_0/libsrc/uartps_v3_6/src -s include  "SHELL=CMD" "COMPILER=arm-none-eabi-gcc" "ARCHIVER=arm-none-eabi-ar" "COMPILER_FLAGS=  -O2 -c" "EXTRA_COMPILER_FLAGS=-mcpu=cortex-a9 -mfpu=vfpv3 -mfloat-abi=hard -nostartfiles -g -Wall -Wextra"
"Running Make include in ps7_cortexa9_0/libsrc/xadcps_v2_2/src"
make -C ps7_cortexa9_0/libsrc/xadcps_v2_2/src -s include  "SHELL=CMD" "COMPILER=arm-none-eabi-gcc" "ARCHIVER=arm-none-eabi-ar" "COMPILER_FLAGS=  -O2 -c" "EXTRA_COMPILER_FLAGS=-mcpu=cortex-a9 -mfpu=vfpv3 -mfloat-abi=hard -nostartfiles -g -Wall -Wextra"
"Running Make libs in ps7_cortexa9_0/libsrc/axidma_v9_6/src"
make -C ps7_cortexa9_0/libsrc/axidma_v9_6/src -s libs  "SHELL=CMD" "COMPILER=arm-none-eabi-gcc" "ARCHIVER=arm-none-eabi-ar" "COMPILER_FLAGS=  -O2 -c" "EXTRA_COMPILER_FLAGS=-mcpu=cortex-a9 -mfpu=vfpv3 -mfloat-abi=hard -nostartfiles -g -Wall -Wextra"
"Compiling axidma"
arm-none-eabi-ar: creating ../../../lib/libxil.a
"Running Make libs in ps7_cortexa9_0/libsrc/axivdma_v6_5/src"
make -C ps7_cortexa9_0/libsrc/axivdma_v6_5/src -s libs  "SHELL=CMD" "COMPILER=arm-none-eabi-gcc" "ARCHIVER=arm-none-eabi-ar" "COMPILER_FLAGS=  -O2 -c" "EXTRA_COMPILER_FLAGS=-mcpu=cortex-a9 -mfpu=vfpv3 -mfloat-abi=hard -nostartfiles -g -Wall -Wextra"
"Compiling axivdma"
"Running Make libs in ps7_cortexa9_0/libsrc/coresightps_dcc_v1_4/src"
make -C ps7_cortexa9_0/libsrc/coresightps_dcc_v1_4/src -s libs  "SHELL=CMD" "COMPILER=arm-none-eabi-gcc" "ARCHIVER=arm-none-eabi-ar" "COMPILER_FLAGS=  -O2 -c" "EXTRA_COMPILER_FLAGS=-mcpu=cortex-a9 -mfpu=vfpv3 -mfloat-abi=hard -nostartfiles -g -Wall -Wextra"
"Compiling coresightps_dcc"
"Running Make libs in ps7_cortexa9_0/libsrc/cpu_cortexa9_v2_6/src"
make -C ps7_cortexa9_0/libsrc/cpu_cortexa9_v2_6/src -s libs  "SHELL=CMD" "COMPILER=arm-none-eabi-gcc" "ARCHIVER=arm-none-eabi-ar" "COMPILER_FLAGS=  -O2 -c" "EXTRA_COMPILER_FLAGS=-mcpu=cortex-a9 -mfpu=vfpv3 -mfloat-abi=hard -nostartfiles -g -Wall -Wextra"
"Compiling cpu_cortexa9"
"Running Make libs in ps7_cortexa9_0/libsrc/ddrps_v1_0/src"
make -C ps7_cortexa9_0/libsrc/ddrps_v1_0/src -s libs  "SHELL=CMD" "COMPILER=arm-none-eabi-gcc" "ARCHIVER=arm-none-eabi-ar" "COMPILER_FLAGS=  -O2 -c" "EXTRA_COMPILER_FLAGS=-mcpu=cortex-a9 -mfpu=vfpv3 -mfloat-abi=hard -nostartfiles -g -Wall -Wextra"
"Compiling ddrps"
"Running Make libs in ps7_cortexa9_0/libsrc/devcfg_v3_5/src"
make -C ps7_cortexa9_0/libsrc/devcfg_v3_5/src -s libs  "SHELL=CMD" "COMPILER=arm-none-eabi-gcc" "ARCHIVER=arm-none-eabi-ar" "COMPILER_FLAGS=  -O2 -c" "EXTRA_COMPILER_FLAGS=-mcpu=cortex-a9 -mfpu=vfpv3 -mfloat-abi=hard -nostartfiles -g -Wall -Wextra"
"Compiling devcfg"
"Running Make libs in ps7_cortexa9_0/libsrc/dmaps_v2_3/src"
make -C ps7_cortexa9_0/libsrc/dmaps_v2_3/src -s libs  "SHELL=CMD" "COMPILER=arm-none-eabi-gcc" "ARCHIVER=arm-none-eabi-ar" "COMPILER_FLAGS=  -O2 -c" "EXTRA_COMPILER_FLAGS=-mcpu=cortex-a9 -mfpu=vfpv3 -mfloat-abi=hard -nostartfiles -g -Wall -Wextra"
"Compiling dmaps"
"Running Make libs in ps7_cortexa9_0/libsrc/emacps_v3_7/src"
make -C ps7_cortexa9_0/libsrc/emacps_v3_7/src -s libs  "SHELL=CMD" "COMPILER=arm-none-eabi-gcc" "ARCHIVER=arm-none-eabi-ar" "COMPILER_FLAGS=  -O2 -c" "EXTRA_COMPILER_FLAGS=-mcpu=cortex-a9 -mfpu=vfpv3 -mfloat-abi=hard -nostartfiles -g -Wall -Wextra"
"Compiling emacps"
"Running Make libs in ps7_cortexa9_0/libsrc/gpio_v4_3/src"
make -C ps7_cortexa9_0/libsrc/gpio_v4_3/src -s libs  "SHELL=CMD" "COMPILER=arm-none-eabi-gcc" "ARCHIVER=arm-none-eabi-ar" "COMPILER_FLAGS=  -O2 -c" "EXTRA_COMPILER_FLAGS=-mcpu=cortex-a9 -mfpu=vfpv3 -mfloat-abi=hard -nostartfiles -g -Wall -Wextra"
"Compiling gpio"
"Running Make libs in ps7_cortexa9_0/libsrc/iicps_v3_6/src"
make -C ps7_cortexa9_0/libsrc/iicps_v3_6/src -s libs  "SHELL=CMD" "COMPILER=arm-none-eabi-gcc" "ARCHIVER=arm-none-eabi-ar" "COMPILER_FLAGS=  -O2 -c" "EXTRA_COMPILER_FLAGS=-mcpu=cortex-a9 -mfpu=vfpv3 -mfloat-abi=hard -nostartfiles -g -Wall -Wextra"
"Compiling iicps"
"Running Make libs in ps7_cortexa9_0/libsrc/nandps_v2_3/src"
make -C ps7_cortexa9_0/libsrc/nandps_v2_3/src -s libs  "SHELL=CMD" "COMPILER=arm-none-eabi-gcc" "ARCHIVER=arm-none-eabi-ar" "COMPILER_FLAGS=  -O2 -c" "EXTRA_COMPILER_FLAGS=-mcpu=cortex-a9 -mfpu=vfpv3 -mfloat-abi=hard -nostartfiles -g -Wall -Wextra"
"Compiling nandps"
"Running Make libs in ps7_cortexa9_0/libsrc/scugic_v3_9/src"
make -C ps7_cortexa9_0/libsrc/scugic_v3_9/src -s libs  "SHELL=CMD" "COMPILER=arm-none-eabi-gcc" "ARCHIVER=arm-none-eabi-ar" "COMPILER_FLAGS=  -O2 -c" "EXTRA_COMPILER_FLAGS=-mcpu=cortex-a9 -mfpu=vfpv3 -mfloat-abi=hard -nostartfiles -g -Wall -Wextra"
"Compiling scugic"
"Running Make libs in ps7_cortexa9_0/libsrc/scutimer_v2_1/src"
make -C ps7_cortexa9_0/libsrc/scutimer_v2_1/src -s libs  "SHELL=CMD" "COMPILER=arm-none-eabi-gcc" "ARCHIVER=arm-none-eabi-ar" "COMPILER_FLAGS=  -O2 -c" "EXTRA_COMPILER_FLAGS=-mcpu=cortex-a9 -mfpu=vfpv3 -mfloat-abi=hard -nostartfiles -g -Wall -Wextra"
"Compiling scutimer"
"Running Make libs in ps7_cortexa9_0/libsrc/scuwdt_v2_1/src"
make -C ps7_cortexa9_0/libsrc/scuwdt_v2_1/src -s libs  "SHELL=CMD" "COMPILER=arm-none-eabi-gcc" "ARCHIVER=arm-none-eabi-ar" "COMPILER_FLAGS=  -O2 -c" "EXTRA_COMPILER_FLAGS=-mcpu=cortex-a9 -mfpu=vfpv3 -mfloat-abi=hard -nostartfiles -g -Wall -Wextra"
"Compiling scuwdt"
"Running Make libs in ps7_cortexa9_0/libsrc/standalone_v6_6/src"
make -C ps7_cortexa9_0/libsrc/standalone_v6_6/src -s libs  "SHELL=CMD" "COMPILER=arm-none-eabi-gcc" "ARCHIVER=arm-none-eabi-ar" "COMPILER_FLAGS=  -O2 -c" "EXTRA_COMPILER_FLAGS=-mcpu=cortex-a9 -mfpu=vfpv3 -mfloat-abi=hard -nostartfiles -g -Wall -Wextra"
"Compiling standalone"
In file included from sleep.c:57:0:
xtime_l.h:89:9: note: #pragma message: For the sleep routines, Global timer is being used
 #pragma message ("For the sleep routines, Global timer is being used")
         ^~~~~~~
In file included from usleep.c:60:0:
xtime_l.h:89:9: note: #pragma message: For the sleep routines, Global timer is being used
 #pragma message ("For the sleep routines, Global timer is being used")
         ^~~~~~~
In file included from xil_sleeptimer.c:54:0:
xtime_l.h:89:9: note: #pragma message: For the sleep routines, Global timer is being used
 #pragma message ("For the sleep routines, Global timer is being used")
         ^~~~~~~
In file included from xtime_l.c:53:0:
xtime_l.h:89:9: note: #pragma message: For the sleep routines, Global timer is being used
 #pragma message ("For the sleep routines, Global timer is being used")
         ^~~~~~~
"Running Make libs in ps7_cortexa9_0/libsrc/uartps_v3_6/src"
make -C ps7_cortexa9_0/libsrc/uartps_v3_6/src -s libs  "SHELL=CMD" "COMPILER=arm-none-eabi-gcc" "ARCHIVER=arm-none-eabi-ar" "COMPILER_FLAGS=  -O2 -c" "EXTRA_COMPILER_FLAGS=-mcpu=cortex-a9 -mfpu=vfpv3 -mfloat-abi=hard -nostartfiles -g -Wall -Wextra"
"Compiling uartps"
"Running Make libs in ps7_cortexa9_0/libsrc/xadcps_v2_2/src"
make -C ps7_cortexa9_0/libsrc/xadcps_v2_2/src -s libs  "SHELL=CMD" "COMPILER=arm-none-eabi-gcc" "ARCHIVER=arm-none-eabi-ar" "COMPILER_FLAGS=  -O2 -c" "EXTRA_COMPILER_FLAGS=-mcpu=cortex-a9 -mfpu=vfpv3 -mfloat-abi=hard -nostartfiles -g -Wall -Wextra"
"Compiling xadcps"
'Finished building libraries'
14:43:04 **** Build of configuration Debug for project prj_ps ****
make pre-build main-build 
a9-linaro-pre-build-step
' '
'Building file: ../src/algorithm_ARM.c'
'Invoking: ARM v7 gcc compiler'
arm-none-eabi-gcc -Wall -O0 -g3 -c -fmessage-length=0 -MT"src/algorithm_ARM.o" -mcpu=cortex-a9 -mfpu=vfpv3 -mfloat-abi=hard -I../../prj_ps_bsp/ps7_cortexa9_0/include -MMD -MP -MF"src/algorithm_ARM.d" -MT"src/algorithm_ARM.o" -o "src/algorithm_ARM.o" "../src/algorithm_ARM.c"
In file included from ../src/include.h:15:0,
                 from ../src/algorithm_ARM.c:7:
../../prj_ps_bsp/ps7_cortexa9_0/include/xtime_l.h:89:9: note: #pragma message: For the sleep routines, Global timer is being used
 #pragma message ("For the sleep routines, Global timer is being used")
         ^~~~~~~
../src/algorithm_ARM.c: In function 'get_img_grads':
../src/algorithm_ARM.c:73:13: warning: format '%x' expects argument of type 'unsigned int', but argument 2 has type 'double' [-Wformat=]
    printf("%x ",dstImg[i*img_w + j]);
            ~^   ~~~~~~~~~~~~~~~~~~~
            %f
../src/algorithm_ARM.c: In function 'arm_caclu':
../src/algorithm_ARM.c:96:9: warning: assignment from incompatible pointer type [-Wincompatible-pointer-types]
  dstImg = (unsigned char *)DATA_DST_ARM_ADDR;
         ^
../src/algorithm_ARM.c:111:26: warning: format '%d' expects argument of type 'int', but argument 2 has type 'u32 {aka long unsigned int}' [-Wformat=]
  printf("time elapsed = %d us\r\n",tUsed);
                         ~^
                         %ld
'Finished building: ../src/algorithm_ARM.c'
' '
'Building file: ../src/arm_comp_fpga.c'
'Invoking: ARM v7 gcc compiler'
arm-none-eabi-gcc -Wall -O0 -g3 -c -fmessage-length=0 -MT"src/arm_comp_fpga.o" -mcpu=cortex-a9 -mfpu=vfpv3 -mfloat-abi=hard -I../../prj_ps_bsp/ps7_cortexa9_0/include -MMD -MP -MF"src/arm_comp_fpga.d" -MT"src/arm_comp_fpga.o" -o "src/arm_comp_fpga.o" "../src/arm_comp_fpga.c"
In file included from ../src/include.h:15:0,
                 from ../src/arm_comp_fpga.c:9:
../../prj_ps_bsp/ps7_cortexa9_0/include/xtime_l.h:89:9: note: #pragma message: For the sleep routines, Global timer is being used
 #pragma message ("For the sleep routines, Global timer is being used")
         ^~~~~~~
'Finished building: ../src/arm_comp_fpga.c'
' '
'Building file: ../src/dma.c'
'Invoking: ARM v7 gcc compiler'
arm-none-eabi-gcc -Wall -O0 -g3 -c -fmessage-length=0 -MT"src/dma.o" -mcpu=cortex-a9 -mfpu=vfpv3 -mfloat-abi=hard -I../../prj_ps_bsp/ps7_cortexa9_0/include -MMD -MP -MF"src/dma.d" -MT"src/dma.o" -o "src/dma.o" "../src/dma.c"
In file included from ../src/include.h:15:0,
                 from ../src/dma.c:9:
../../prj_ps_bsp/ps7_cortexa9_0/include/xtime_l.h:89:9: note: #pragma message: For the sleep routines, Global timer is being used
 #pragma message ("For the sleep routines, Global timer is being used")
         ^~~~~~~
../src/dma.c: In function 'dma_descriptor_init':
../src/dma.c:51:19: warning: assignment makes pointer from integer without a cast [-Wint-conversion]
  SG_TX_Descriptor = tx_DB_BaseAddr;
                   ^
../src/dma.c:52:19: warning: assignment makes pointer from integer without a cast [-Wint-conversion]
  SG_RX_Descriptor = rx_DB_BaseAddr;
                   ^
../src/dma.c:92:21: warning: format '%x' expects argument of type 'unsigned int', but argument 3 has type 'struct SG_Desc_def *' [-Wformat=]
   printf("TX_ %d = %x \r\n",i,SG_TX_Descriptor);
                    ~^
../src/dma.c:124:21: warning: format '%x' expects argument of type 'unsigned int', but argument 3 has type 'struct SG_Desc_def *' [-Wformat=]
   printf("RX_ %d = %x \r\n",i,SG_RX_Descriptor);
                    ~^
../src/dma.c:127:2: warning: implicit declaration of function 'Xil_DCacheFlushRange' [-Wimplicit-function-declaration]
  Xil_DCacheFlushRange((UINTPTR)(u32)tx_DB_BaseAddr, (DB_NUM_AB + DB_NUM_C) * DB_desc_Size);
  ^~~~~~~~~~~~~~~~~~~~
../src/dma.c: In function 'dma_start':
../src/dma.c:134:14: warning: assignment makes pointer from integer without a cast [-Wint-conversion]
  SG_Register = dma_baseAddr;
              ^
../src/dma.c:168:26: warning: format '%d' expects argument of type 'int', but argument 2 has type 'u32 {aka long unsigned int}' [-Wformat=]
  printf("time elapsed = %d us\r\n",tUsed);
                         ~^
                         %ld
../src/dma.c: In function 'cpu_caclu':
../src/dma.c:211:10: warning: assignment makes pointer from integer without a cast [-Wint-conversion]
  p_Addr0 = tx_buffer_BaseAddr;
          ^
../src/dma.c:212:10: warning: assignment makes pointer from integer without a cast [-Wint-conversion]
  p_Bddr0 = tx_buffer_BaseAddr + DB_BUFF_LEN;
          ^
../src/dma.c:216:28: warning: format '%x' expects argument of type 'unsigned int', but argument 3 has type 'float *' [-Wformat=]
   printf("i=%d ,p_Addr0 = %x \r\n",i,p_Addr0);
                           ~^
../src/dma.c:217:28: warning: format '%x' expects argument of type 'unsigned int', but argument 3 has type 'float *' [-Wformat=]
   printf("i=%d ,p_Bddr0 = %x \r\n",i,p_Bddr0);
                           ~^
../src/dma.c:244:10: warning: assignment makes pointer from integer without a cast [-Wint-conversion]
  p_Addr0 = tx_buffer_BaseAddr;
          ^
../src/dma.c:257:10: warning: assignment makes pointer from integer without a cast [-Wint-conversion]
  p_Bddr0 = tx_buffer_BaseAddr + DB_BUFF_LEN;
          ^
../src/dma.c: In function 'cpu_comp_FPGA':
../src/dma.c:283:8: warning: assignment makes pointer from integer without a cast [-Wint-conversion]
  p_ddr = ddr_baseAddr;
        ^
../src/dma.c:284:9: warning: assignment makes pointer from integer without a cast [-Wint-conversion]
  p_buff = buff_baseAddr;
         ^
'Finished building: ../src/dma.c'
' '
'Building file: ../src/helloworld.c'
'Invoking: ARM v7 gcc compiler'
arm-none-eabi-gcc -Wall -O0 -g3 -c -fmessage-length=0 -MT"src/helloworld.o" -mcpu=cortex-a9 -mfpu=vfpv3 -mfloat-abi=hard -I../../prj_ps_bsp/ps7_cortexa9_0/include -MMD -MP -MF"src/helloworld.d" -MT"src/helloworld.o" -o "src/helloworld.o" "../src/helloworld.c"
In file included from ../src/include.h:15:0,
                 from ../src/helloworld.c:49:
../../prj_ps_bsp/ps7_cortexa9_0/include/xtime_l.h:89:9: note: #pragma message: For the sleep routines, Global timer is being used
 #pragma message ("For the sleep routines, Global timer is being used")
         ^~~~~~~
../src/helloworld.c: In function 'main':
../src/helloworld.c:64:5: warning: implicit declaration of function 'init_platform' [-Wimplicit-function-declaration]
     init_platform();
     ^~~~~~~~~~~~~
../src/helloworld.c:73:3: warning: implicit declaration of function 'arm_comp_fpga' [-Wimplicit-function-declaration]
   arm_comp_fpga();
   ^~~~~~~~~~~~~
../src/helloworld.c:77:5: warning: implicit declaration of function 'cleanup_platform' [-Wimplicit-function-declaration]
     cleanup_platform();
     ^~~~~~~~~~~~~~~~
'Finished building: ../src/helloworld.c'
' '
'Building file: ../src/platform.c'
'Invoking: ARM v7 gcc compiler'
arm-none-eabi-gcc -Wall -O0 -g3 -c -fmessage-length=0 -MT"src/platform.o" -mcpu=cortex-a9 -mfpu=vfpv3 -mfloat-abi=hard -I../../prj_ps_bsp/ps7_cortexa9_0/include -MMD -MP -MF"src/platform.d" -MT"src/platform.o" -o "src/platform.o" "../src/platform.c"
'Finished building: ../src/platform.c'
' '
'Building target: prj_ps.elf'
'Invoking: ARM v7 gcc linker'
arm-none-eabi-gcc -mcpu=cortex-a9 -mfpu=vfpv3 -mfloat-abi=hard -Wl,-build-id=none -specs=Xilinx.spec -Wl,-T -Wl,../src/lscript.ld -L../../prj_ps_bsp/ps7_cortexa9_0/lib -o "prj_ps.elf"  ./src/algorithm_ARM.o ./src/arm_comp_fpga.o ./src/dma.o ./src/helloworld.o ./src/platform.o   -lm -Wl,--start-group,-lxil,-lgcc,-lc,--end-group
'Finished building target: prj_ps.elf'
' '
'Invoking: ARM v7 Print Size'
arm-none-eabi-size prj_ps.elf  |tee "prj_ps.elf.size"
   text	   data	    bss	    dec	    hex	filename
  82404	   2580	3709728	3794712	 39e718	prj_ps.elf
'Finished building: prj_ps.elf.size'
' '
14:43:23 **** Incremental Build of configuration Debug for project prj_ps ****
make pre-build main-build 
a9-linaro-pre-build-step
' '
make: Nothing to be done for `main-build'.
14:45:35 **** Incremental Build of configuration Debug for project prj_ps ****
make pre-build main-build 
a9-linaro-pre-build-step
' '
make: Nothing to be done for `main-build'.
14:46:13 **** Incremental Build of configuration Debug for project prj_ps ****
make pre-build main-build 
a9-linaro-pre-build-step
' '
make: Nothing to be done for `main-build'.
14:50:23 **** Incremental Build of configuration Debug for project prj_ps ****
make pre-build main-build 
a9-linaro-pre-build-step
' '
make: Nothing to be done for `main-build'.
14:57:58 **** Auto Build of configuration Debug for project prj_ps ****
make pre-build main-build 
a9-linaro-pre-build-step
' '
'Building file: ../src/dma.c'
'Invoking: ARM v7 gcc compiler'
arm-none-eabi-gcc -Wall -O0 -g3 -c -fmessage-length=0 -MT"src/dma.o" -mcpu=cortex-a9 -mfpu=vfpv3 -mfloat-abi=hard -I../../prj_ps_bsp/ps7_cortexa9_0/include -MMD -MP -MF"src/dma.d" -MT"src/dma.o" -o "src/dma.o" "../src/dma.c"
In file included from ../src/include.h:15:0,
                 from ../src/dma.c:9:
../../prj_ps_bsp/ps7_cortexa9_0/include/xtime_l.h:89:9: note: #pragma message: For the sleep routines, Global timer is being used
 #pragma message ("For the sleep routines, Global timer is being used")
         ^~~~~~~
../src/dma.c: In function 'dma_descriptor_init':
../src/dma.c:51:19: warning: assignment makes pointer from integer without a cast [-Wint-conversion]
  SG_TX_Descriptor = tx_DB_BaseAddr;
                   ^
../src/dma.c:52:19: warning: assignment makes pointer from integer without a cast [-Wint-conversion]
  SG_RX_Descriptor = rx_DB_BaseAddr;
                   ^
../src/dma.c:92:21: warning: format '%x' expects argument of type 'unsigned int', but argument 3 has type 'struct SG_Desc_def *' [-Wformat=]
   printf("TX_ %d = %x \r\n",i,SG_TX_Descriptor);
                    ~^
../src/dma.c:124:21: warning: format '%x' expects argument of type 'unsigned int', but argument 3 has type 'struct SG_Desc_def *' [-Wformat=]
   printf("RX_ %d = %x \r\n",i,SG_RX_Descriptor);
                    ~^
../src/dma.c:127:2: warning: implicit declaration of function 'Xil_DCacheFlushRange' [-Wimplicit-function-declaration]
  Xil_DCacheFlushRange((UINTPTR)(u32)tx_DB_BaseAddr, (DB_NUM_AB + DB_NUM_C) * DB_desc_Size);
  ^~~~~~~~~~~~~~~~~~~~
../src/dma.c: In function 'dma_start':
../src/dma.c:134:14: warning: assignment makes pointer from integer without a cast [-Wint-conversion]
  SG_Register = dma_baseAddr;
              ^
../src/dma.c:165:6: warning: suggest parentheses around assignment used as truth value [-Wparentheses]
   if(i = 100)
      ^
../src/dma.c:177:26: warning: format '%d' expects argument of type 'int', but argument 2 has type 'u32 {aka long unsigned int}' [-Wformat=]
  printf("time elapsed = %d us\r\n",tUsed);
                         ~^
                         %ld
../src/dma.c: In function 'cpu_caclu':
../src/dma.c:220:10: warning: assignment makes pointer from integer without a cast [-Wint-conversion]
  p_Addr0 = tx_buffer_BaseAddr;
          ^
../src/dma.c:221:10: warning: assignment makes pointer from integer without a cast [-Wint-conversion]
  p_Bddr0 = tx_buffer_BaseAddr + DB_BUFF_LEN;
          ^
../src/dma.c:225:28: warning: format '%x' expects argument of type 'unsigned int', but argument 3 has type 'float *' [-Wformat=]
   printf("i=%d ,p_Addr0 = %x \r\n",i,p_Addr0);
                           ~^
../src/dma.c:226:28: warning: format '%x' expects argument of type 'unsigned int', but argument 3 has type 'float *' [-Wformat=]
   printf("i=%d ,p_Bddr0 = %x \r\n",i,p_Bddr0);
                           ~^
../src/dma.c:253:10: warning: assignment makes pointer from integer without a cast [-Wint-conversion]
  p_Addr0 = tx_buffer_BaseAddr;
          ^
../src/dma.c:266:10: warning: assignment makes pointer from integer without a cast [-Wint-conversion]
  p_Bddr0 = tx_buffer_BaseAddr + DB_BUFF_LEN;
          ^
../src/dma.c: In function 'cpu_comp_FPGA':
../src/dma.c:292:8: warning: assignment makes pointer from integer without a cast [-Wint-conversion]
  p_ddr = ddr_baseAddr;
        ^
../src/dma.c:293:9: warning: assignment makes pointer from integer without a cast [-Wint-conversion]
  p_buff = buff_baseAddr;
         ^
'Finished building: ../src/dma.c'
' '
'Building target: prj_ps.elf'
'Invoking: ARM v7 gcc linker'
arm-none-eabi-gcc -mcpu=cortex-a9 -mfpu=vfpv3 -mfloat-abi=hard -Wl,-build-id=none -specs=Xilinx.spec -Wl,-T -Wl,../src/lscript.ld -L../../prj_ps_bsp/ps7_cortexa9_0/lib -o "prj_ps.elf"  ./src/algorithm_ARM.o ./src/arm_comp_fpga.o ./src/dma.o ./src/helloworld.o ./src/platform.o   -lm -Wl,--start-group,-lxil,-lgcc,-lc,--end-group
'Finished building target: prj_ps.elf'
' '
'Invoking: ARM v7 Print Size'
arm-none-eabi-size prj_ps.elf  |tee "prj_ps.elf.size"
   text	   data	    bss	    dec	    hex	filename
  82436	   2580	3709728	3794744	 39e738	prj_ps.elf
'Finished building: prj_ps.elf.size'
' '
14:58:09 **** Incremental Build of configuration Debug for project prj_ps ****
make pre-build main-build 
a9-linaro-pre-build-step
' '
make: Nothing to be done for `main-build'.
14:59:27 **** Auto Build of configuration Debug for project prj_ps ****
make pre-build main-build 
a9-linaro-pre-build-step
' '
'Building file: ../src/dma.c'
'Invoking: ARM v7 gcc compiler'
arm-none-eabi-gcc -Wall -O0 -g3 -c -fmessage-length=0 -MT"src/dma.o" -mcpu=cortex-a9 -mfpu=vfpv3 -mfloat-abi=hard -I../../prj_ps_bsp/ps7_cortexa9_0/include -MMD -MP -MF"src/dma.d" -MT"src/dma.o" -o "src/dma.o" "../src/dma.c"
In file included from ../src/include.h:15:0,
                 from ../src/dma.c:9:
../../prj_ps_bsp/ps7_cortexa9_0/include/xtime_l.h:89:9: note: #pragma message: For the sleep routines, Global timer is being used
 #pragma message ("For the sleep routines, Global timer is being used")
         ^~~~~~~
../src/dma.c: In function 'dma_descriptor_init':
../src/dma.c:51:19: warning: assignment makes pointer from integer without a cast [-Wint-conversion]
  SG_TX_Descriptor = tx_DB_BaseAddr;
                   ^
../src/dma.c:52:19: warning: assignment makes pointer from integer without a cast [-Wint-conversion]
  SG_RX_Descriptor = rx_DB_BaseAddr;
                   ^
../src/dma.c:92:21: warning: format '%x' expects argument of type 'unsigned int', but argument 3 has type 'struct SG_Desc_def *' [-Wformat=]
   printf("TX_ %d = %x \r\n",i,SG_TX_Descriptor);
                    ~^
../src/dma.c:124:21: warning: format '%x' expects argument of type 'unsigned int', but argument 3 has type 'struct SG_Desc_def *' [-Wformat=]
   printf("RX_ %d = %x \r\n",i,SG_RX_Descriptor);
                    ~^
../src/dma.c:127:2: warning: implicit declaration of function 'Xil_DCacheFlushRange' [-Wimplicit-function-declaration]
  Xil_DCacheFlushRange((UINTPTR)(u32)tx_DB_BaseAddr, (DB_NUM_AB + DB_NUM_C) * DB_desc_Size);
  ^~~~~~~~~~~~~~~~~~~~
../src/dma.c: In function 'dma_start':
../src/dma.c:134:14: warning: assignment makes pointer from integer without a cast [-Wint-conversion]
  SG_Register = dma_baseAddr;
              ^
../src/dma.c:177:26: warning: format '%d' expects argument of type 'int', but argument 2 has type 'u32 {aka long unsigned int}' [-Wformat=]
  printf("time elapsed = %d us\r\n",tUsed);
                         ~^
                         %ld
../src/dma.c: In function 'cpu_caclu':
../src/dma.c:220:10: warning: assignment makes pointer from integer without a cast [-Wint-conversion]
  p_Addr0 = tx_buffer_BaseAddr;
          ^
../src/dma.c:221:10: warning: assignment makes pointer from integer without a cast [-Wint-conversion]
  p_Bddr0 = tx_buffer_BaseAddr + DB_BUFF_LEN;
          ^
../src/dma.c:225:28: warning: format '%x' expects argument of type 'unsigned int', but argument 3 has type 'float *' [-Wformat=]
   printf("i=%d ,p_Addr0 = %x \r\n",i,p_Addr0);
                           ~^
../src/dma.c:226:28: warning: format '%x' expects argument of type 'unsigned int', but argument 3 has type 'float *' [-Wformat=]
   printf("i=%d ,p_Bddr0 = %x \r\n",i,p_Bddr0);
                           ~^
../src/dma.c:253:10: warning: assignment makes pointer from integer without a cast [-Wint-conversion]
  p_Addr0 = tx_buffer_BaseAddr;
          ^
../src/dma.c:266:10: warning: assignment makes pointer from integer without a cast [-Wint-conversion]
  p_Bddr0 = tx_buffer_BaseAddr + DB_BUFF_LEN;
          ^
../src/dma.c: In function 'cpu_comp_FPGA':
../src/dma.c:292:8: warning: assignment makes pointer from integer without a cast [-Wint-conversion]
  p_ddr = ddr_baseAddr;
        ^
../src/dma.c:293:9: warning: assignment makes pointer from integer without a cast [-Wint-conversion]
  p_buff = buff_baseAddr;
         ^
'Finished building: ../src/dma.c'
' '
'Building target: prj_ps.elf'
'Invoking: ARM v7 gcc linker'
arm-none-eabi-gcc -mcpu=cortex-a9 -mfpu=vfpv3 -mfloat-abi=hard -Wl,-build-id=none -specs=Xilinx.spec -Wl,-T -Wl,../src/lscript.ld -L../../prj_ps_bsp/ps7_cortexa9_0/lib -o "prj_ps.elf"  ./src/algorithm_ARM.o ./src/arm_comp_fpga.o ./src/dma.o ./src/helloworld.o ./src/platform.o   -lm -Wl,--start-group,-lxil,-lgcc,-lc,--end-group
'Finished building target: prj_ps.elf'
' '
'Invoking: ARM v7 Print Size'
arm-none-eabi-size prj_ps.elf  |tee "prj_ps.elf.size"
   text	   data	    bss	    dec	    hex	filename
  82500	   2580	3709728	3794808	 39e778	prj_ps.elf
'Finished building: prj_ps.elf.size'
' '
14:59:34 **** Incremental Build of configuration Debug for project prj_ps ****
make pre-build main-build 
a9-linaro-pre-build-step
' '
make: Nothing to be done for `main-build'.
15:07:12 **** Incremental Build of configuration Debug for project prj_ps ****
make pre-build main-build 
a9-linaro-pre-build-step
' '
make: Nothing to be done for `main-build'.
15:54:20 **** Incremental Build of configuration Debug for project prj_ps ****
make pre-build main-build 
a9-linaro-pre-build-step
' '
make: Nothing to be done for `main-build'.
16:26:07 **** Incremental Build of configuration Debug for project prj_ps ****
make pre-build main-build 
a9-linaro-pre-build-step
' '
make: Nothing to be done for `main-build'.
13:47:28 **** Auto Build of configuration Debug for project prj_ps ****
make pre-build main-build 
a9-linaro-pre-build-step
' '
'Building file: ../src/dma.c'
'Invoking: ARM v7 gcc compiler'
arm-none-eabi-gcc -Wall -O0 -g3 -c -fmessage-length=0 -MT"src/dma.o" -mcpu=cortex-a9 -mfpu=vfpv3 -mfloat-abi=hard -I../../prj_ps_bsp/ps7_cortexa9_0/include -MMD -MP -MF"src/dma.d" -MT"src/dma.o" -o "src/dma.o" "../src/dma.c"
In file included from ../src/include.h:15:0,
                 from ../src/dma.c:9:
../../prj_ps_bsp/ps7_cortexa9_0/include/xtime_l.h:89:9: note: #pragma message: For the sleep routines, Global timer is being used
 #pragma message ("For the sleep routines, Global timer is being used")
         ^~~~~~~
../src/dma.c: In function 'dma_descriptor_init':
../src/dma.c:62:19: warning: assignment makes pointer from integer without a cast [-Wint-conversion]
  SG_TX_Descriptor = tx_DB_BaseAddr;
                   ^
../src/dma.c:63:19: warning: assignment makes pointer from integer without a cast [-Wint-conversion]
  SG_RX_Descriptor = rx_DB_BaseAddr;
                   ^
../src/dma.c:84:12: warning: suggest parentheses around '+' inside '<<' [-Wparentheses]
    SG_TX_Descriptor->APP1 = (img_edge_cut_en << 27) + (Canny_HystThreshold_en << 26)
                             ~~~~~~~~~~~~~~~~~~~~~~~~~~~~~~~~~~~~~~~~~~~~~~~~~~~~~~~~
            + (Canny_NonMaxSupp_en <<25) + (Sobel_edge_sel << 24)
            ~~~~~~~~~~~~~~~~~~~~~~~~~~~~~~~~~~~~~~~~~~~~~~~~~~~~~
            + (Canny_minVal <<16 ) + (Canny_maxVal << 8)
            ~~~~~~~~~~~~~~~~~~~~~~~~~~~~~~~~~~~~~~~~~~~~
            + model_sel <<4;
            ^~~~~~~~~~~
../src/dma.c:106:21: warning: format '%x' expects argument of type 'unsigned int', but argument 3 has type 'struct SG_Desc_def *' [-Wformat=]
   printf("TX_ %d = %x \r\n",i,SG_TX_Descriptor);
                    ~^
../src/dma.c:138:21: warning: format '%x' expects argument of type 'unsigned int', but argument 3 has type 'struct SG_Desc_def *' [-Wformat=]
   printf("RX_ %d = %x \r\n",i,SG_RX_Descriptor);
                    ~^
../src/dma.c:141:2: warning: implicit declaration of function 'Xil_DCacheFlushRange' [-Wimplicit-function-declaration]
  Xil_DCacheFlushRange((UINTPTR)(u32)tx_DB_BaseAddr, (DB_NUM_AB + DB_NUM_C) * DB_desc_Size);
  ^~~~~~~~~~~~~~~~~~~~
../src/dma.c: In function 'dma_start':
../src/dma.c:148:14: warning: assignment makes pointer from integer without a cast [-Wint-conversion]
  SG_Register = dma_baseAddr;
              ^
../src/dma.c:191:26: warning: format '%d' expects argument of type 'int', but argument 2 has type 'u32 {aka long unsigned int}' [-Wformat=]
  printf("time elapsed = %d us\r\n",tUsed);
                         ~^
                         %ld
../src/dma.c: In function 'cpu_caclu':
../src/dma.c:234:10: warning: assignment makes pointer from integer without a cast [-Wint-conversion]
  p_Addr0 = tx_buffer_BaseAddr;
          ^
../src/dma.c:235:10: warning: assignment makes pointer from integer without a cast [-Wint-conversion]
  p_Bddr0 = tx_buffer_BaseAddr + DB_BUFF_LEN;
          ^
../src/dma.c:239:28: warning: format '%x' expects argument of type 'unsigned int', but argument 3 has type 'float *' [-Wformat=]
   printf("i=%d ,p_Addr0 = %x \r\n",i,p_Addr0);
                           ~^
../src/dma.c:240:28: warning: format '%x' expects argument of type 'unsigned int', but argument 3 has type 'float *' [-Wformat=]
   printf("i=%d ,p_Bddr0 = %x \r\n",i,p_Bddr0);
                           ~^
../src/dma.c:267:10: warning: assignment makes pointer from integer without a cast [-Wint-conversion]
  p_Addr0 = tx_buffer_BaseAddr;
          ^
../src/dma.c:280:10: warning: assignment makes pointer from integer without a cast [-Wint-conversion]
  p_Bddr0 = tx_buffer_BaseAddr + DB_BUFF_LEN;
          ^
../src/dma.c: In function 'cpu_comp_FPGA':
../src/dma.c:306:8: warning: assignment makes pointer from integer without a cast [-Wint-conversion]
  p_ddr = ddr_baseAddr;
        ^
../src/dma.c:307:9: warning: assignment makes pointer from integer without a cast [-Wint-conversion]
  p_buff = buff_baseAddr;
         ^
'Finished building: ../src/dma.c'
' '
'Building target: prj_ps.elf'
'Invoking: ARM v7 gcc linker'
arm-none-eabi-gcc -mcpu=cortex-a9 -mfpu=vfpv3 -mfloat-abi=hard -Wl,-build-id=none -specs=Xilinx.spec -Wl,-T -Wl,../src/lscript.ld -L../../prj_ps_bsp/ps7_cortexa9_0/lib -o "prj_ps.elf"  ./src/algorithm_ARM.o ./src/arm_comp_fpga.o ./src/dma.o ./src/helloworld.o ./src/platform.o   -lm -Wl,--start-group,-lxil,-lgcc,-lc,--end-group
'Finished building target: prj_ps.elf'
' '
'Invoking: ARM v7 Print Size'
arm-none-eabi-size prj_ps.elf  |tee "prj_ps.elf.size"
   text	   data	    bss	    dec	    hex	filename
  82564	   2580	3709728	3794872	 39e7b8	prj_ps.elf
'Finished building: prj_ps.elf.size'
' '
13:48:16 **** Auto Build of configuration Debug for project prj_ps ****
make pre-build main-build 
a9-linaro-pre-build-step
' '
'Building file: ../src/dma.c'
'Invoking: ARM v7 gcc compiler'
arm-none-eabi-gcc -Wall -O0 -g3 -c -fmessage-length=0 -MT"src/dma.o" -mcpu=cortex-a9 -mfpu=vfpv3 -mfloat-abi=hard -I../../prj_ps_bsp/ps7_cortexa9_0/include -MMD -MP -MF"src/dma.d" -MT"src/dma.o" -o "src/dma.o" "../src/dma.c"
In file included from ../src/include.h:15:0,
                 from ../src/dma.c:9:
../../prj_ps_bsp/ps7_cortexa9_0/include/xtime_l.h:89:9: note: #pragma message: For the sleep routines, Global timer is being used
 #pragma message ("For the sleep routines, Global timer is being used")
         ^~~~~~~
../src/dma.c: In function 'dma_descriptor_init':
../src/dma.c:62:19: warning: assignment makes pointer from integer without a cast [-Wint-conversion]
  SG_TX_Descriptor = tx_DB_BaseAddr;
                   ^
../src/dma.c:63:19: warning: assignment makes pointer from integer without a cast [-Wint-conversion]
  SG_RX_Descriptor = rx_DB_BaseAddr;
                   ^
../src/dma.c:84:12: warning: suggest parentheses around '+' inside '<<' [-Wparentheses]
    SG_TX_Descriptor->APP1 = (img_edge_cut_en << 27) + (Canny_HystThreshold_en << 26)
                             ~~~~~~~~~~~~~~~~~~~~~~~~~~~~~~~~~~~~~~~~~~~~~~~~~~~~~~~~
            + (Canny_NonMaxSupp_en <<25) + (Sobel_edge_sel << 24)
            ~~~~~~~~~~~~~~~~~~~~~~~~~~~~~~~~~~~~~~~~~~~~~~~~~~~~~
            + (Canny_minVal <<16 ) + (Canny_maxVal << 8)
            ~~~~~~~~~~~~~~~~~~~~~~~~~~~~~~~~~~~~~~~~~~~~
            + model_sel <<4;
            ^~~~~~~~~~~
../src/dma.c:106:21: warning: format '%x' expects argument of type 'unsigned int', but argument 3 has type 'struct SG_Desc_def *' [-Wformat=]
   printf("TX_ %d = %x \r\n",i,SG_TX_Descriptor);
                    ~^
../src/dma.c:138:21: warning: format '%x' expects argument of type 'unsigned int', but argument 3 has type 'struct SG_Desc_def *' [-Wformat=]
   printf("RX_ %d = %x \r\n",i,SG_RX_Descriptor);
                    ~^
../src/dma.c:141:2: warning: implicit declaration of function 'Xil_DCacheFlushRange' [-Wimplicit-function-declaration]
  Xil_DCacheFlushRange((UINTPTR)(u32)tx_DB_BaseAddr, (DB_NUM_AB + DB_NUM_C) * DB_desc_Size);
  ^~~~~~~~~~~~~~~~~~~~
../src/dma.c: In function 'dma_start':
../src/dma.c:148:14: warning: assignment makes pointer from integer without a cast [-Wint-conversion]
  SG_Register = dma_baseAddr;
              ^
../src/dma.c:191:26: warning: format '%d' expects argument of type 'int', but argument 2 has type 'u32 {aka long unsigned int}' [-Wformat=]
  printf("time elapsed = %d us\r\n",tUsed);
                         ~^
                         %ld
../src/dma.c: In function 'cpu_caclu':
../src/dma.c:234:10: warning: assignment makes pointer from integer without a cast [-Wint-conversion]
  p_Addr0 = tx_buffer_BaseAddr;
          ^
../src/dma.c:235:10: warning: assignment makes pointer from integer without a cast [-Wint-conversion]
  p_Bddr0 = tx_buffer_BaseAddr + DB_BUFF_LEN;
          ^
../src/dma.c:239:28: warning: format '%x' expects argument of type 'unsigned int', but argument 3 has type 'float *' [-Wformat=]
   printf("i=%d ,p_Addr0 = %x \r\n",i,p_Addr0);
                           ~^
../src/dma.c:240:28: warning: format '%x' expects argument of type 'unsigned int', but argument 3 has type 'float *' [-Wformat=]
   printf("i=%d ,p_Bddr0 = %x \r\n",i,p_Bddr0);
                           ~^
../src/dma.c:267:10: warning: assignment makes pointer from integer without a cast [-Wint-conversion]
  p_Addr0 = tx_buffer_BaseAddr;
          ^
../src/dma.c:280:10: warning: assignment makes pointer from integer without a cast [-Wint-conversion]
  p_Bddr0 = tx_buffer_BaseAddr + DB_BUFF_LEN;
          ^
../src/dma.c: In function 'cpu_comp_FPGA':
../src/dma.c:306:8: warning: assignment makes pointer from integer without a cast [-Wint-conversion]
  p_ddr = ddr_baseAddr;
        ^
../src/dma.c:307:9: warning: assignment makes pointer from integer without a cast [-Wint-conversion]
  p_buff = buff_baseAddr;
         ^
'Finished building: ../src/dma.c'
' '
'Building target: prj_ps.elf'
'Invoking: ARM v7 gcc linker'
arm-none-eabi-gcc -mcpu=cortex-a9 -mfpu=vfpv3 -mfloat-abi=hard -Wl,-build-id=none -specs=Xilinx.spec -Wl,-T -Wl,../src/lscript.ld -L../../prj_ps_bsp/ps7_cortexa9_0/lib -o "prj_ps.elf"  ./src/algorithm_ARM.o ./src/arm_comp_fpga.o ./src/dma.o ./src/helloworld.o ./src/platform.o   -lm -Wl,--start-group,-lxil,-lgcc,-lc,--end-group
'Finished building target: prj_ps.elf'
' '
'Invoking: ARM v7 Print Size'
arm-none-eabi-size prj_ps.elf  |tee "prj_ps.elf.size"
   text	   data	    bss	    dec	    hex	filename
  82564	   2580	3709728	3794872	 39e7b8	prj_ps.elf
'Finished building: prj_ps.elf.size'
' '
13:49:38 **** Incremental Build of configuration Debug for project prj_ps ****
make pre-build main-build 
a9-linaro-pre-build-step
' '
make: Nothing to be done for `main-build'.
13:51:43 **** Auto Build of configuration Debug for project prj_ps ****
make pre-build main-build 
a9-linaro-pre-build-step
' '
'Building file: ../src/dma.c'
'Invoking: ARM v7 gcc compiler'
arm-none-eabi-gcc -Wall -O0 -g3 -c -fmessage-length=0 -MT"src/dma.o" -mcpu=cortex-a9 -mfpu=vfpv3 -mfloat-abi=hard -I../../prj_ps_bsp/ps7_cortexa9_0/include -MMD -MP -MF"src/dma.d" -MT"src/dma.o" -o "src/dma.o" "../src/dma.c"
In file included from ../src/include.h:15:0,
                 from ../src/dma.c:9:
../../prj_ps_bsp/ps7_cortexa9_0/include/xtime_l.h:89:9: note: #pragma message: For the sleep routines, Global timer is being used
 #pragma message ("For the sleep routines, Global timer is being used")
         ^~~~~~~
../src/dma.c: In function 'dma_descriptor_init':
../src/dma.c:63:19: warning: assignment makes pointer from integer without a cast [-Wint-conversion]
  SG_TX_Descriptor = tx_DB_BaseAddr;
                   ^
../src/dma.c:64:19: warning: assignment makes pointer from integer without a cast [-Wint-conversion]
  SG_RX_Descriptor = rx_DB_BaseAddr;
                   ^
../src/dma.c:85:12: warning: suggest parentheses around '+' inside '<<' [-Wparentheses]
    SG_TX_Descriptor->APP1 = (img_edge_cut_en << 27) + (Canny_HystThreshold_en << 26)
                             ~~~~~~~~~~~~~~~~~~~~~~~~~~~~~~~~~~~~~~~~~~~~~~~~~~~~~~~~
            + (Canny_NonMaxSupp_en <<25) + (Sobel_edge_sel << 24)
            ~~~~~~~~~~~~~~~~~~~~~~~~~~~~~~~~~~~~~~~~~~~~~~~~~~~~~
            + (Canny_minVal <<16 ) + (Canny_maxVal << 8)
            ~~~~~~~~~~~~~~~~~~~~~~~~~~~~~~~~~~~~~~~~~~~~
            + model_sel <<4;
            ^~~~~~~~~~~
../src/dma.c:107:21: warning: format '%x' expects argument of type 'unsigned int', but argument 3 has type 'struct SG_Desc_def *' [-Wformat=]
   printf("TX_ %d = %x \r\n",i,SG_TX_Descriptor);
                    ~^
../src/dma.c:139:21: warning: format '%x' expects argument of type 'unsigned int', but argument 3 has type 'struct SG_Desc_def *' [-Wformat=]
   printf("RX_ %d = %x \r\n",i,SG_RX_Descriptor);
                    ~^
../src/dma.c:142:2: warning: implicit declaration of function 'Xil_DCacheFlushRange' [-Wimplicit-function-declaration]
  Xil_DCacheFlushRange((UINTPTR)(u32)tx_DB_BaseAddr, (DB_NUM_AB + DB_NUM_C) * DB_desc_Size);
  ^~~~~~~~~~~~~~~~~~~~
../src/dma.c: In function 'dma_start':
../src/dma.c:149:14: warning: assignment makes pointer from integer without a cast [-Wint-conversion]
  SG_Register = dma_baseAddr;
              ^
../src/dma.c:192:26: warning: format '%d' expects argument of type 'int', but argument 2 has type 'u32 {aka long unsigned int}' [-Wformat=]
  printf("time elapsed = %d us\r\n",tUsed);
                         ~^
                         %ld
../src/dma.c: In function 'cpu_caclu':
../src/dma.c:235:10: warning: assignment makes pointer from integer without a cast [-Wint-conversion]
  p_Addr0 = tx_buffer_BaseAddr;
          ^
../src/dma.c:236:10: warning: assignment makes pointer from integer without a cast [-Wint-conversion]
  p_Bddr0 = tx_buffer_BaseAddr + DB_BUFF_LEN;
          ^
../src/dma.c:240:28: warning: format '%x' expects argument of type 'unsigned int', but argument 3 has type 'float *' [-Wformat=]
   printf("i=%d ,p_Addr0 = %x \r\n",i,p_Addr0);
                           ~^
../src/dma.c:241:28: warning: format '%x' expects argument of type 'unsigned int', but argument 3 has type 'float *' [-Wformat=]
   printf("i=%d ,p_Bddr0 = %x \r\n",i,p_Bddr0);
                           ~^
../src/dma.c:268:10: warning: assignment makes pointer from integer without a cast [-Wint-conversion]
  p_Addr0 = tx_buffer_BaseAddr;
          ^
../src/dma.c:281:10: warning: assignment makes pointer from integer without a cast [-Wint-conversion]
  p_Bddr0 = tx_buffer_BaseAddr + DB_BUFF_LEN;
          ^
../src/dma.c: In function 'cpu_comp_FPGA':
../src/dma.c:307:8: warning: assignment makes pointer from integer without a cast [-Wint-conversion]
  p_ddr = ddr_baseAddr;
        ^
../src/dma.c:308:9: warning: assignment makes pointer from integer without a cast [-Wint-conversion]
  p_buff = buff_baseAddr;
         ^
'Finished building: ../src/dma.c'
' '
'Building target: prj_ps.elf'
'Invoking: ARM v7 gcc linker'
arm-none-eabi-gcc -mcpu=cortex-a9 -mfpu=vfpv3 -mfloat-abi=hard -Wl,-build-id=none -specs=Xilinx.spec -Wl,-T -Wl,../src/lscript.ld -L../../prj_ps_bsp/ps7_cortexa9_0/lib -o "prj_ps.elf"  ./src/algorithm_ARM.o ./src/arm_comp_fpga.o ./src/dma.o ./src/helloworld.o ./src/platform.o   -lm -Wl,--start-group,-lxil,-lgcc,-lc,--end-group
'Finished building target: prj_ps.elf'
' '
'Invoking: ARM v7 Print Size'
arm-none-eabi-size prj_ps.elf  |tee "prj_ps.elf.size"
   text	   data	    bss	    dec	    hex	filename
  82564	   2580	3709728	3794872	 39e7b8	prj_ps.elf
'Finished building: prj_ps.elf.size'
' '
13:52:42 **** Auto Build of configuration Debug for project prj_ps ****
make pre-build main-build 
a9-linaro-pre-build-step
' '
'Building file: ../src/dma.c'
'Invoking: ARM v7 gcc compiler'
arm-none-eabi-gcc -Wall -O0 -g3 -c -fmessage-length=0 -MT"src/dma.o" -mcpu=cortex-a9 -mfpu=vfpv3 -mfloat-abi=hard -I../../prj_ps_bsp/ps7_cortexa9_0/include -MMD -MP -MF"src/dma.d" -MT"src/dma.o" -o "src/dma.o" "../src/dma.c"
In file included from ../src/include.h:15:0,
                 from ../src/dma.c:9:
../../prj_ps_bsp/ps7_cortexa9_0/include/xtime_l.h:89:9: note: #pragma message: For the sleep routines, Global timer is being used
 #pragma message ("For the sleep routines, Global timer is being used")
         ^~~~~~~
../src/dma.c:18:19: warning: ISO C99 requires whitespace after the macro name
 #define CANNY_TEST;
                   ^
../src/dma.c: In function 'dma_descriptor_init':
../src/dma.c:66:19: warning: assignment makes pointer from integer without a cast [-Wint-conversion]
  SG_TX_Descriptor = tx_DB_BaseAddr;
                   ^
../src/dma.c:67:19: warning: assignment makes pointer from integer without a cast [-Wint-conversion]
  SG_RX_Descriptor = rx_DB_BaseAddr;
                   ^
../src/dma.c:88:12: warning: suggest parentheses around '+' inside '<<' [-Wparentheses]
    SG_TX_Descriptor->APP1 = (img_edge_cut_en << 27) + (Canny_HystThreshold_en << 26)
                             ~~~~~~~~~~~~~~~~~~~~~~~~~~~~~~~~~~~~~~~~~~~~~~~~~~~~~~~~
            + (Canny_NonMaxSupp_en <<25) + (Sobel_edge_sel << 24)
            ~~~~~~~~~~~~~~~~~~~~~~~~~~~~~~~~~~~~~~~~~~~~~~~~~~~~~
            + (Canny_minVal <<16 ) + (Canny_maxVal << 8)
            ~~~~~~~~~~~~~~~~~~~~~~~~~~~~~~~~~~~~~~~~~~~~
            + model_sel <<4;
            ^~~~~~~~~~~
../src/dma.c:110:21: warning: format '%x' expects argument of type 'unsigned int', but argument 3 has type 'struct SG_Desc_def *' [-Wformat=]
   printf("TX_ %d = %x \r\n",i,SG_TX_Descriptor);
                    ~^
../src/dma.c:142:21: warning: format '%x' expects argument of type 'unsigned int', but argument 3 has type 'struct SG_Desc_def *' [-Wformat=]
   printf("RX_ %d = %x \r\n",i,SG_RX_Descriptor);
                    ~^
../src/dma.c:145:2: warning: implicit declaration of function 'Xil_DCacheFlushRange' [-Wimplicit-function-declaration]
  Xil_DCacheFlushRange((UINTPTR)(u32)tx_DB_BaseAddr, (DB_NUM_AB + DB_NUM_C) * DB_desc_Size);
  ^~~~~~~~~~~~~~~~~~~~
../src/dma.c: In function 'dma_start':
../src/dma.c:152:14: warning: assignment makes pointer from integer without a cast [-Wint-conversion]
  SG_Register = dma_baseAddr;
              ^
../src/dma.c:195:26: warning: format '%d' expects argument of type 'int', but argument 2 has type 'u32 {aka long unsigned int}' [-Wformat=]
  printf("time elapsed = %d us\r\n",tUsed);
                         ~^
                         %ld
../src/dma.c: In function 'cpu_caclu':
../src/dma.c:238:10: warning: assignment makes pointer from integer without a cast [-Wint-conversion]
  p_Addr0 = tx_buffer_BaseAddr;
          ^
../src/dma.c:239:10: warning: assignment makes pointer from integer without a cast [-Wint-conversion]
  p_Bddr0 = tx_buffer_BaseAddr + DB_BUFF_LEN;
          ^
../src/dma.c:243:28: warning: format '%x' expects argument of type 'unsigned int', but argument 3 has type 'float *' [-Wformat=]
   printf("i=%d ,p_Addr0 = %x \r\n",i,p_Addr0);
                           ~^
../src/dma.c:244:28: warning: format '%x' expects argument of type 'unsigned int', but argument 3 has type 'float *' [-Wformat=]
   printf("i=%d ,p_Bddr0 = %x \r\n",i,p_Bddr0);
                           ~^
../src/dma.c:271:10: warning: assignment makes pointer from integer without a cast [-Wint-conversion]
  p_Addr0 = tx_buffer_BaseAddr;
          ^
../src/dma.c:284:10: warning: assignment makes pointer from integer without a cast [-Wint-conversion]
  p_Bddr0 = tx_buffer_BaseAddr + DB_BUFF_LEN;
          ^
../src/dma.c: In function 'cpu_comp_FPGA':
../src/dma.c:310:8: warning: assignment makes pointer from integer without a cast [-Wint-conversion]
  p_ddr = ddr_baseAddr;
        ^
../src/dma.c:311:9: warning: assignment makes pointer from integer without a cast [-Wint-conversion]
  p_buff = buff_baseAddr;
         ^
'Finished building: ../src/dma.c'
' '
'Building target: prj_ps.elf'
'Invoking: ARM v7 gcc linker'
arm-none-eabi-gcc -mcpu=cortex-a9 -mfpu=vfpv3 -mfloat-abi=hard -Wl,-build-id=none -specs=Xilinx.spec -Wl,-T -Wl,../src/lscript.ld -L../../prj_ps_bsp/ps7_cortexa9_0/lib -o "prj_ps.elf"  ./src/algorithm_ARM.o ./src/arm_comp_fpga.o ./src/dma.o ./src/helloworld.o ./src/platform.o   -lm -Wl,--start-group,-lxil,-lgcc,-lc,--end-group
'Finished building target: prj_ps.elf'
' '
'Invoking: ARM v7 Print Size'
arm-none-eabi-size prj_ps.elf  |tee "prj_ps.elf.size"
   text	   data	    bss	    dec	    hex	filename
  82564	   2580	3709728	3794872	 39e7b8	prj_ps.elf
'Finished building: prj_ps.elf.size'
' '
13:56:15 **** Incremental Build of configuration Debug for project prj_ps ****
make pre-build main-build 
a9-linaro-pre-build-step
' '
make: Nothing to be done for `main-build'.
14:17:29 **** Auto Build of configuration Debug for project prj_ps ****
make pre-build main-build 
a9-linaro-pre-build-step
' '
'Building file: ../src/algorithm_ARM.c'
'Invoking: ARM v7 gcc compiler'
arm-none-eabi-gcc -Wall -O0 -g3 -c -fmessage-length=0 -MT"src/algorithm_ARM.o" -mcpu=cortex-a9 -mfpu=vfpv3 -mfloat-abi=hard -I../../prj_ps_bsp/ps7_cortexa9_0/include -MMD -MP -MF"src/algorithm_ARM.d" -MT"src/algorithm_ARM.o" -o "src/algorithm_ARM.o" "../src/algorithm_ARM.c"
In file included from ../src/include.h:15:0,
                 from ../src/algorithm_ARM.c:7:
../../prj_ps_bsp/ps7_cortexa9_0/include/xtime_l.h:89:9: note: #pragma message: For the sleep routines, Global timer is being used
 #pragma message ("For the sleep routines, Global timer is being used")
         ^~~~~~~
../src/algorithm_ARM.c: In function 'get_img_grads':
../src/algorithm_ARM.c:73:13: warning: format '%x' expects argument of type 'unsigned int', but argument 2 has type 'double' [-Wformat=]
    printf("%x ",dstImg[i*img_w + j]);
            ~^   ~~~~~~~~~~~~~~~~~~~
            %f
../src/algorithm_ARM.c: In function 'canny':
../src/algorithm_ARM.c:161:13: warning: format '%x' expects argument of type 'unsigned int', but argument 2 has type 'double' [-Wformat=]
    printf("%x ",dstImg[i*img_w + j]);
            ~^   ~~~~~~~~~~~~~~~~~~~
            %f
../src/algorithm_ARM.c:94:8: warning: unused variable 'tan_675' [-Wunused-variable]
  float tan_675 = 38.625;
        ^~~~~~~
../src/algorithm_ARM.c:93:8: warning: unused variable 'tan_225' [-Wunused-variable]
  float tan_225 = 6.625;
        ^~~~~~~
../src/algorithm_ARM.c:92:8: warning: unused variable 'tan_value' [-Wunused-variable]
  float tan_value;
        ^~~~~~~~~
../src/algorithm_ARM.c:91:12: warning: variable 'Gy_s' set but not used [-Wunused-but-set-variable]
  char Gx_s,Gy_s;
            ^~~~
../src/algorithm_ARM.c:91:7: warning: variable 'Gx_s' set but not used [-Wunused-but-set-variable]
  char Gx_s,Gy_s;
       ^~~~
../src/algorithm_ARM.c:90:16: warning: unused variable 'theta' [-Wunused-variable]
  unsigned char theta;
                ^~~~~
../src/algorithm_ARM.c:89:16: warning: unused variable 'dir' [-Wunused-variable]
  unsigned char dir[img_w*img_h];
                ^~~
../src/algorithm_ARM.c: In function 'arm_caclu':
../src/algorithm_ARM.c:185:9: warning: assignment from incompatible pointer type [-Wincompatible-pointer-types]
  dstImg = (unsigned char *)DATA_DST_ARM_ADDR;
         ^
../src/algorithm_ARM.c:200:26: warning: format '%d' expects argument of type 'int', but argument 2 has type 'u32 {aka long unsigned int}' [-Wformat=]
  printf("time elapsed = %d us\r\n",tUsed);
                         ~^
                         %ld
'Finished building: ../src/algorithm_ARM.c'
' '
'Building target: prj_ps.elf'
'Invoking: ARM v7 gcc linker'
arm-none-eabi-gcc -mcpu=cortex-a9 -mfpu=vfpv3 -mfloat-abi=hard -Wl,-build-id=none -specs=Xilinx.spec -Wl,-T -Wl,../src/lscript.ld -L../../prj_ps_bsp/ps7_cortexa9_0/lib -o "prj_ps.elf"  ./src/algorithm_ARM.o ./src/arm_comp_fpga.o ./src/dma.o ./src/helloworld.o ./src/platform.o   -lm -Wl,--start-group,-lxil,-lgcc,-lc,--end-group
'Finished building target: prj_ps.elf'
' '
'Invoking: ARM v7 Print Size'
arm-none-eabi-size prj_ps.elf  |tee "prj_ps.elf.size"
   text	   data	    bss	    dec	    hex	filename
  83780	   2580	3709728	3796088	 39ec78	prj_ps.elf
'Finished building: prj_ps.elf.size'
' '
14:21:43 **** Auto Build of configuration Debug for project prj_ps ****
make pre-build main-build 
a9-linaro-pre-build-step
' '
'Building file: ../src/algorithm_ARM.c'
'Invoking: ARM v7 gcc compiler'
arm-none-eabi-gcc -Wall -O0 -g3 -c -fmessage-length=0 -MT"src/algorithm_ARM.o" -mcpu=cortex-a9 -mfpu=vfpv3 -mfloat-abi=hard -I../../prj_ps_bsp/ps7_cortexa9_0/include -MMD -MP -MF"src/algorithm_ARM.d" -MT"src/algorithm_ARM.o" -o "src/algorithm_ARM.o" "../src/algorithm_ARM.c"
In file included from ../src/include.h:15:0,
                 from ../src/algorithm_ARM.c:7:
../../prj_ps_bsp/ps7_cortexa9_0/include/xtime_l.h:89:9: note: #pragma message: For the sleep routines, Global timer is being used
 #pragma message ("For the sleep routines, Global timer is being used")
         ^~~~~~~
../src/algorithm_ARM.c: In function 'get_img_grads':
../src/algorithm_ARM.c:73:13: warning: format '%x' expects argument of type 'unsigned int', but argument 2 has type 'double' [-Wformat=]
    printf("%x ",dstImg[i*img_w + j]);
            ~^   ~~~~~~~~~~~~~~~~~~~
            %f
../src/algorithm_ARM.c: In function 'canny':
../src/algorithm_ARM.c:188:13: warning: format '%x' expects argument of type 'unsigned int', but argument 2 has type 'double' [-Wformat=]
    printf("%x ",dstImg[i*img_w + j]);
            ~^   ~~~~~~~~~~~~~~~~~~~
            %f
../src/algorithm_ARM.c:90:16: warning: variable 'theta' set but not used [-Wunused-but-set-variable]
  unsigned char theta;
                ^~~~~
../src/algorithm_ARM.c:89:16: warning: unused variable 'dir' [-Wunused-variable]
  unsigned char dir[img_w*img_h];
                ^~~
../src/algorithm_ARM.c: In function 'arm_caclu':
../src/algorithm_ARM.c:212:9: warning: assignment from incompatible pointer type [-Wincompatible-pointer-types]
  dstImg = (unsigned char *)DATA_DST_ARM_ADDR;
         ^
../src/algorithm_ARM.c:227:26: warning: format '%d' expects argument of type 'int', but argument 2 has type 'u32 {aka long unsigned int}' [-Wformat=]
  printf("time elapsed = %d us\r\n",tUsed);
                         ~^
                         %ld
'Finished building: ../src/algorithm_ARM.c'
' '
'Building target: prj_ps.elf'
'Invoking: ARM v7 gcc linker'
arm-none-eabi-gcc -mcpu=cortex-a9 -mfpu=vfpv3 -mfloat-abi=hard -Wl,-build-id=none -specs=Xilinx.spec -Wl,-T -Wl,../src/lscript.ld -L../../prj_ps_bsp/ps7_cortexa9_0/lib -o "prj_ps.elf"  ./src/algorithm_ARM.o ./src/arm_comp_fpga.o ./src/dma.o ./src/helloworld.o ./src/platform.o   -lm -Wl,--start-group,-lxil,-lgcc,-lc,--end-group
'Finished building target: prj_ps.elf'
' '
'Invoking: ARM v7 Print Size'
arm-none-eabi-size prj_ps.elf  |tee "prj_ps.elf.size"
   text	   data	    bss	    dec	    hex	filename
  83908	   2580	3709728	3796216	 39ecf8	prj_ps.elf
'Finished building: prj_ps.elf.size'
' '
14:22:30 **** Auto Build of configuration Debug for project prj_ps ****
make pre-build main-build 
a9-linaro-pre-build-step
' '
'Building file: ../src/algorithm_ARM.c'
'Invoking: ARM v7 gcc compiler'
arm-none-eabi-gcc -Wall -O0 -g3 -c -fmessage-length=0 -MT"src/algorithm_ARM.o" -mcpu=cortex-a9 -mfpu=vfpv3 -mfloat-abi=hard -I../../prj_ps_bsp/ps7_cortexa9_0/include -MMD -MP -MF"src/algorithm_ARM.d" -MT"src/algorithm_ARM.o" -o "src/algorithm_ARM.o" "../src/algorithm_ARM.c"
In file included from ../src/include.h:15:0,
                 from ../src/algorithm_ARM.c:7:
../../prj_ps_bsp/ps7_cortexa9_0/include/xtime_l.h:89:9: note: #pragma message: For the sleep routines, Global timer is being used
 #pragma message ("For the sleep routines, Global timer is being used")
         ^~~~~~~
../src/algorithm_ARM.c: In function 'get_img_grads':
../src/algorithm_ARM.c:73:13: warning: format '%x' expects argument of type 'unsigned int', but argument 2 has type 'double' [-Wformat=]
    printf("%x ",dstImg[i*img_w + j]);
            ~^   ~~~~~~~~~~~~~~~~~~~
            %f
../src/algorithm_ARM.c: In function 'canny':
../src/algorithm_ARM.c:190:13: warning: format '%x' expects argument of type 'unsigned int', but argument 2 has type 'double' [-Wformat=]
    printf("%x ",dstImg[i*img_w + j]);
            ~^   ~~~~~~~~~~~~~~~~~~~
            %f
../src/algorithm_ARM.c:89:16: warning: variable 'dir' set but not used [-Wunused-but-set-variable]
  unsigned char dir[img_w*img_h];
                ^~~
../src/algorithm_ARM.c: In function 'arm_caclu':
../src/algorithm_ARM.c:214:9: warning: assignment from incompatible pointer type [-Wincompatible-pointer-types]
  dstImg = (unsigned char *)DATA_DST_ARM_ADDR;
         ^
../src/algorithm_ARM.c:229:26: warning: format '%d' expects argument of type 'int', but argument 2 has type 'u32 {aka long unsigned int}' [-Wformat=]
  printf("time elapsed = %d us\r\n",tUsed);
                         ~^
                         %ld
'Finished building: ../src/algorithm_ARM.c'
' '
'Building target: prj_ps.elf'
'Invoking: ARM v7 gcc linker'
arm-none-eabi-gcc -mcpu=cortex-a9 -mfpu=vfpv3 -mfloat-abi=hard -Wl,-build-id=none -specs=Xilinx.spec -Wl,-T -Wl,../src/lscript.ld -L../../prj_ps_bsp/ps7_cortexa9_0/lib -o "prj_ps.elf"  ./src/algorithm_ARM.o ./src/arm_comp_fpga.o ./src/dma.o ./src/helloworld.o ./src/platform.o   -lm -Wl,--start-group,-lxil,-lgcc,-lc,--end-group
'Finished building target: prj_ps.elf'
' '
'Invoking: ARM v7 Print Size'
arm-none-eabi-size prj_ps.elf  |tee "prj_ps.elf.size"
   text	   data	    bss	    dec	    hex	filename
  83972	   2580	3709728	3796280	 39ed38	prj_ps.elf
'Finished building: prj_ps.elf.size'
' '
14:38:33 **** Auto Build of configuration Debug for project prj_ps ****
make pre-build main-build 
a9-linaro-pre-build-step
' '
'Building file: ../src/algorithm_ARM.c'
'Invoking: ARM v7 gcc compiler'
arm-none-eabi-gcc -Wall -O0 -g3 -c -fmessage-length=0 -MT"src/algorithm_ARM.o" -mcpu=cortex-a9 -mfpu=vfpv3 -mfloat-abi=hard -I../../prj_ps_bsp/ps7_cortexa9_0/include -MMD -MP -MF"src/algorithm_ARM.d" -MT"src/algorithm_ARM.o" -o "src/algorithm_ARM.o" "../src/algorithm_ARM.c"
In file included from ../src/include.h:15:0,
                 from ../src/algorithm_ARM.c:7:
../../prj_ps_bsp/ps7_cortexa9_0/include/xtime_l.h:89:9: note: #pragma message: For the sleep routines, Global timer is being used
 #pragma message ("For the sleep routines, Global timer is being used")
         ^~~~~~~
../src/algorithm_ARM.c: In function 'get_img_grads':
../src/algorithm_ARM.c:73:13: warning: format '%x' expects argument of type 'unsigned int', but argument 2 has type 'double' [-Wformat=]
    printf("%x ",dstImg[i*img_w + j]);
            ~^   ~~~~~~~~~~~~~~~~~~~
            %f
../src/algorithm_ARM.c: In function 'canny':
../src/algorithm_ARM.c:309:13: warning: format '%x' expects argument of type 'unsigned int', but argument 2 has type 'double' [-Wformat=]
    printf("%x ",dstImg[i*img_w + j]);
            ~^   ~~~~~~~~~~~~~~~~~~~
            %f
../src/algorithm_ARM.c: In function 'arm_caclu':
../src/algorithm_ARM.c:333:9: warning: assignment from incompatible pointer type [-Wincompatible-pointer-types]
  dstImg = (unsigned char *)DATA_DST_ARM_ADDR;
         ^
../src/algorithm_ARM.c:348:26: warning: format '%d' expects argument of type 'int', but argument 2 has type 'u32 {aka long unsigned int}' [-Wformat=]
  printf("time elapsed = %d us\r\n",tUsed);
                         ~^
                         %ld
'Finished building: ../src/algorithm_ARM.c'
' '
'Building target: prj_ps.elf'
'Invoking: ARM v7 gcc linker'
arm-none-eabi-gcc -mcpu=cortex-a9 -mfpu=vfpv3 -mfloat-abi=hard -Wl,-build-id=none -specs=Xilinx.spec -Wl,-T -Wl,../src/lscript.ld -L../../prj_ps_bsp/ps7_cortexa9_0/lib -o "prj_ps.elf"  ./src/algorithm_ARM.o ./src/arm_comp_fpga.o ./src/dma.o ./src/helloworld.o ./src/platform.o   -lm -Wl,--start-group,-lxil,-lgcc,-lc,--end-group
'Finished building target: prj_ps.elf'
' '
'Invoking: ARM v7 Print Size'
arm-none-eabi-size prj_ps.elf  |tee "prj_ps.elf.size"
   text	   data	    bss	    dec	    hex	filename
  85764	   2580	3709728	3798072	 39f438	prj_ps.elf
'Finished building: prj_ps.elf.size'
' '
14:39:02 **** Auto Build of configuration Debug for project prj_ps ****
make pre-build main-build 
a9-linaro-pre-build-step
' '
'Building file: ../src/algorithm_ARM.c'
'Invoking: ARM v7 gcc compiler'
arm-none-eabi-gcc -Wall -O0 -g3 -c -fmessage-length=0 -MT"src/algorithm_ARM.o" -mcpu=cortex-a9 -mfpu=vfpv3 -mfloat-abi=hard -I../../prj_ps_bsp/ps7_cortexa9_0/include -MMD -MP -MF"src/algorithm_ARM.d" -MT"src/algorithm_ARM.o" -o "src/algorithm_ARM.o" "../src/algorithm_ARM.c"
In file included from ../src/include.h:15:0,
                 from ../src/algorithm_ARM.c:7:
../../prj_ps_bsp/ps7_cortexa9_0/include/xtime_l.h:89:9: note: #pragma message: For the sleep routines, Global timer is being used
 #pragma message ("For the sleep routines, Global timer is being used")
         ^~~~~~~
../src/algorithm_ARM.c: In function 'get_img_grads':
../src/algorithm_ARM.c:73:13: warning: format '%x' expects argument of type 'unsigned int', but argument 2 has type 'double' [-Wformat=]
    printf("%x ",dstImg[i*img_w + j]);
            ~^   ~~~~~~~~~~~~~~~~~~~
            %f
../src/algorithm_ARM.c: In function 'canny':
../src/algorithm_ARM.c:308:13: warning: format '%x' expects argument of type 'unsigned int', but argument 2 has type 'double' [-Wformat=]
    printf("%x ",dstImg[i*img_w + j]);
            ~^   ~~~~~~~~~~~~~~~~~~~
            %f
../src/algorithm_ARM.c: In function 'arm_caclu':
../src/algorithm_ARM.c:332:9: warning: assignment from incompatible pointer type [-Wincompatible-pointer-types]
  dstImg = (unsigned char *)DATA_DST_ARM_ADDR;
         ^
../src/algorithm_ARM.c:347:26: warning: format '%d' expects argument of type 'int', but argument 2 has type 'u32 {aka long unsigned int}' [-Wformat=]
  printf("time elapsed = %d us\r\n",tUsed);
                         ~^
                         %ld
'Finished building: ../src/algorithm_ARM.c'
' '
'Building target: prj_ps.elf'
'Invoking: ARM v7 gcc linker'
arm-none-eabi-gcc -mcpu=cortex-a9 -mfpu=vfpv3 -mfloat-abi=hard -Wl,-build-id=none -specs=Xilinx.spec -Wl,-T -Wl,../src/lscript.ld -L../../prj_ps_bsp/ps7_cortexa9_0/lib -o "prj_ps.elf"  ./src/algorithm_ARM.o ./src/arm_comp_fpga.o ./src/dma.o ./src/helloworld.o ./src/platform.o   -lm -Wl,--start-group,-lxil,-lgcc,-lc,--end-group
'Finished building target: prj_ps.elf'
' '
'Invoking: ARM v7 Print Size'
arm-none-eabi-size prj_ps.elf  |tee "prj_ps.elf.size"
   text	   data	    bss	    dec	    hex	filename
  85764	   2580	3709728	3798072	 39f438	prj_ps.elf
'Finished building: prj_ps.elf.size'
' '
14:39:37 **** Auto Build of configuration Debug for project prj_ps ****
make pre-build main-build 
a9-linaro-pre-build-step
' '
'Building file: ../src/algorithm_ARM.c'
'Invoking: ARM v7 gcc compiler'
arm-none-eabi-gcc -Wall -O0 -g3 -c -fmessage-length=0 -MT"src/algorithm_ARM.o" -mcpu=cortex-a9 -mfpu=vfpv3 -mfloat-abi=hard -I../../prj_ps_bsp/ps7_cortexa9_0/include -MMD -MP -MF"src/algorithm_ARM.d" -MT"src/algorithm_ARM.o" -o "src/algorithm_ARM.o" "../src/algorithm_ARM.c"
In file included from ../src/include.h:15:0,
                 from ../src/algorithm_ARM.c:7:
../../prj_ps_bsp/ps7_cortexa9_0/include/xtime_l.h:89:9: note: #pragma message: For the sleep routines, Global timer is being used
 #pragma message ("For the sleep routines, Global timer is being used")
         ^~~~~~~
../src/algorithm_ARM.c: In function 'get_img_grads':
../src/algorithm_ARM.c:73:13: warning: format '%x' expects argument of type 'unsigned int', but argument 2 has type 'double' [-Wformat=]
    printf("%x ",dstImg[i*img_w + j]);
            ~^   ~~~~~~~~~~~~~~~~~~~
            %f
../src/algorithm_ARM.c: In function 'arm_caclu':
../src/algorithm_ARM.c:300:9: warning: assignment from incompatible pointer type [-Wincompatible-pointer-types]
  dstImg = (unsigned char *)DATA_DST_ARM_ADDR;
         ^
../src/algorithm_ARM.c:316:26: warning: format '%d' expects argument of type 'int', but argument 2 has type 'u32 {aka long unsigned int}' [-Wformat=]
  printf("time elapsed = %d us\r\n",tUsed);
                         ~^
                         %ld
'Finished building: ../src/algorithm_ARM.c'
' '
'Building target: prj_ps.elf'
'Invoking: ARM v7 gcc linker'
arm-none-eabi-gcc -mcpu=cortex-a9 -mfpu=vfpv3 -mfloat-abi=hard -Wl,-build-id=none -specs=Xilinx.spec -Wl,-T -Wl,../src/lscript.ld -L../../prj_ps_bsp/ps7_cortexa9_0/lib -o "prj_ps.elf"  ./src/algorithm_ARM.o ./src/arm_comp_fpga.o ./src/dma.o ./src/helloworld.o ./src/platform.o   -lm -Wl,--start-group,-lxil,-lgcc,-lc,--end-group
'Finished building target: prj_ps.elf'
' '
'Invoking: ARM v7 Print Size'
arm-none-eabi-size prj_ps.elf  |tee "prj_ps.elf.size"
   text	   data	    bss	    dec	    hex	filename
  85508	   2580	3709728	3797816	 39f338	prj_ps.elf
'Finished building: prj_ps.elf.size'
' '
14:42:11 **** Incremental Build of configuration Debug for project prj_ps ****
make pre-build main-build 
a9-linaro-pre-build-step
' '
make: Nothing to be done for `main-build'.
14:51:29 **** Auto Build of configuration Debug for project prj_ps ****
make pre-build main-build 
a9-linaro-pre-build-step
' '
make: Nothing to be done for `main-build'.
14:51:55 **** Incremental Build of configuration Debug for project prj_ps ****
make pre-build main-build 
a9-linaro-pre-build-step
' '
make: Nothing to be done for `main-build'.
14:54:37 **** Incremental Build of configuration Debug for project prj_ps ****
make pre-build main-build 
a9-linaro-pre-build-step
' '
make: Nothing to be done for `main-build'.
15:21:26 **** Incremental Build of configuration Debug for project prj_ps ****
make pre-build main-build 
a9-linaro-pre-build-step
' '
make: Nothing to be done for `main-build'.
16:07:03 **** Incremental Build of configuration Debug for project prj_ps ****
make pre-build main-build 
a9-linaro-pre-build-step
' '
make: Nothing to be done for `main-build'.
16:52:31 **** Incremental Build of configuration Debug for project prj_ps ****
make pre-build main-build 
a9-linaro-pre-build-step
' '
'Building file: ../src/dma.c'
'Invoking: ARM v7 gcc compiler'
arm-none-eabi-gcc -Wall -O0 -g3 -c -fmessage-length=0 -MT"src/dma.o" -mcpu=cortex-a9 -mfpu=vfpv3 -mfloat-abi=hard -I../../prj_ps_bsp/ps7_cortexa9_0/include -MMD -MP -MF"src/dma.d" -MT"src/dma.o" -o "src/dma.o" "../src/dma.c"
In file included from ../src/include.h:15:0,
                 from ../src/dma.c:9:
../../prj_ps_bsp/ps7_cortexa9_0/include/xtime_l.h:89:9: note: #pragma message: For the sleep routines, Global timer is being used
 #pragma message ("For the sleep routines, Global timer is being used")
         ^~~~~~~
../src/dma.c:18:19: warning: ISO C99 requires whitespace after the macro name
 #define CANNY_TEST;
                   ^
../src/dma.c: In function 'dma_descriptor_init':
../src/dma.c:66:19: warning: assignment makes pointer from integer without a cast [-Wint-conversion]
  SG_TX_Descriptor = tx_DB_BaseAddr;
                   ^
../src/dma.c:67:19: warning: assignment makes pointer from integer without a cast [-Wint-conversion]
  SG_RX_Descriptor = rx_DB_BaseAddr;
                   ^
../src/dma.c:88:12: warning: suggest parentheses around '+' inside '<<' [-Wparentheses]
    SG_TX_Descriptor->APP1 = (img_edge_cut_en << 27) + (Canny_HystThreshold_en << 26)
                             ~~~~~~~~~~~~~~~~~~~~~~~~~~~~~~~~~~~~~~~~~~~~~~~~~~~~~~~~
            + (Canny_NonMaxSupp_en <<25) + (Sobel_edge_sel << 24)
            ~~~~~~~~~~~~~~~~~~~~~~~~~~~~~~~~~~~~~~~~~~~~~~~~~~~~~
            + (Canny_minVal <<16 ) + (Canny_maxVal << 8)
            ~~~~~~~~~~~~~~~~~~~~~~~~~~~~~~~~~~~~~~~~~~~~
            + model_sel <<4;
            ^~~~~~~~~~~
../src/dma.c:110:21: warning: format '%x' expects argument of type 'unsigned int', but argument 3 has type 'struct SG_Desc_def *' [-Wformat=]
   printf("TX_ %d = %x \r\n",i,SG_TX_Descriptor);
                    ~^
../src/dma.c:142:21: warning: format '%x' expects argument of type 'unsigned int', but argument 3 has type 'struct SG_Desc_def *' [-Wformat=]
   printf("RX_ %d = %x \r\n",i,SG_RX_Descriptor);
                    ~^
../src/dma.c:145:2: warning: implicit declaration of function 'Xil_DCacheFlushRange' [-Wimplicit-function-declaration]
  Xil_DCacheFlushRange((UINTPTR)(u32)tx_DB_BaseAddr, (DB_NUM_AB + DB_NUM_C) * DB_desc_Size);
  ^~~~~~~~~~~~~~~~~~~~
../src/dma.c: In function 'dma_start':
../src/dma.c:152:14: warning: assignment makes pointer from integer without a cast [-Wint-conversion]
  SG_Register = dma_baseAddr;
              ^
../src/dma.c:195:26: warning: format '%d' expects argument of type 'int', but argument 2 has type 'u32 {aka long unsigned int}' [-Wformat=]
  printf("time elapsed = %d us\r\n",tUsed);
                         ~^
                         %ld
../src/dma.c: In function 'cpu_caclu':
../src/dma.c:238:10: warning: assignment makes pointer from integer without a cast [-Wint-conversion]
  p_Addr0 = tx_buffer_BaseAddr;
          ^
../src/dma.c:239:10: warning: assignment makes pointer from integer without a cast [-Wint-conversion]
  p_Bddr0 = tx_buffer_BaseAddr + DB_BUFF_LEN;
          ^
../src/dma.c:243:28: warning: format '%x' expects argument of type 'unsigned int', but argument 3 has type 'float *' [-Wformat=]
   printf("i=%d ,p_Addr0 = %x \r\n",i,p_Addr0);
                           ~^
../src/dma.c:244:28: warning: format '%x' expects argument of type 'unsigned int', but argument 3 has type 'float *' [-Wformat=]
   printf("i=%d ,p_Bddr0 = %x \r\n",i,p_Bddr0);
                           ~^
../src/dma.c:271:10: warning: assignment makes pointer from integer without a cast [-Wint-conversion]
  p_Addr0 = tx_buffer_BaseAddr;
          ^
../src/dma.c:284:10: warning: assignment makes pointer from integer without a cast [-Wint-conversion]
  p_Bddr0 = tx_buffer_BaseAddr + DB_BUFF_LEN;
          ^
../src/dma.c: In function 'cpu_comp_FPGA':
../src/dma.c:310:8: warning: assignment makes pointer from integer without a cast [-Wint-conversion]
  p_ddr = ddr_baseAddr;
        ^
../src/dma.c:311:9: warning: assignment makes pointer from integer without a cast [-Wint-conversion]
  p_buff = buff_baseAddr;
         ^
'Finished building: ../src/dma.c'
' '
'Building target: prj_ps.elf'
'Invoking: ARM v7 gcc linker'
arm-none-eabi-gcc -mcpu=cortex-a9 -mfpu=vfpv3 -mfloat-abi=hard -Wl,-build-id=none -specs=Xilinx.spec -Wl,-T -Wl,../src/lscript.ld -L../../prj_ps_bsp/ps7_cortexa9_0/lib -o "prj_ps.elf"  ./src/algorithm_ARM.o ./src/arm_comp_fpga.o ./src/dma.o ./src/helloworld.o ./src/platform.o   -lm -Wl,--start-group,-lxil,-lgcc,-lc,--end-group
'Finished building target: prj_ps.elf'
' '
'Invoking: ARM v7 Print Size'
arm-none-eabi-size prj_ps.elf  |tee "prj_ps.elf.size"
   text	   data	    bss	    dec	    hex	filename
  85508	   2580	3709728	3797816	 39f338	prj_ps.elf
'Finished building: prj_ps.elf.size'
' '
16:57:03 **** Auto Build of configuration Debug for project prj_ps ****
make pre-build main-build 
a9-linaro-pre-build-step
' '
'Building file: ../src/dma.c'
'Invoking: ARM v7 gcc compiler'
arm-none-eabi-gcc -Wall -O0 -g3 -c -fmessage-length=0 -MT"src/dma.o" -mcpu=cortex-a9 -mfpu=vfpv3 -mfloat-abi=hard -I../../prj_ps_bsp/ps7_cortexa9_0/include -MMD -MP -MF"src/dma.d" -MT"src/dma.o" -o "src/dma.o" "../src/dma.c"
In file included from ../src/include.h:15:0,
                 from ../src/dma.c:9:
../../prj_ps_bsp/ps7_cortexa9_0/include/xtime_l.h:89:9: note: #pragma message: For the sleep routines, Global timer is being used
 #pragma message ("For the sleep routines, Global timer is being used")
         ^~~~~~~
../src/dma.c:18:19: warning: ISO C99 requires whitespace after the macro name
 #define CANNY_TEST;
                   ^
../src/dma.c: In function 'dma_descriptor_init':
../src/dma.c:66:19: warning: assignment makes pointer from integer without a cast [-Wint-conversion]
  SG_TX_Descriptor = tx_DB_BaseAddr;
                   ^
../src/dma.c:67:19: warning: assignment makes pointer from integer without a cast [-Wint-conversion]
  SG_RX_Descriptor = rx_DB_BaseAddr;
                   ^
../src/dma.c:88:12: warning: suggest parentheses around '+' inside '<<' [-Wparentheses]
    SG_TX_Descriptor->APP1 = (img_edge_cut_en << 27) + (Canny_HystThreshold_en << 26)
                             ~~~~~~~~~~~~~~~~~~~~~~~~~~~~~~~~~~~~~~~~~~~~~~~~~~~~~~~~
            + (Canny_NonMaxSupp_en <<25) + (Sobel_edge_sel << 24)
            ~~~~~~~~~~~~~~~~~~~~~~~~~~~~~~~~~~~~~~~~~~~~~~~~~~~~~
            + (Canny_minVal <<16 ) + (Canny_maxVal << 8)
            ~~~~~~~~~~~~~~~~~~~~~~~~~~~~~~~~~~~~~~~~~~~~
            + model_sel <<4;
            ^~~~~~~~~~~
../src/dma.c:110:21: warning: format '%x' expects argument of type 'unsigned int', but argument 3 has type 'struct SG_Desc_def *' [-Wformat=]
   printf("TX_ %d = %x \r\n",i,SG_TX_Descriptor);
                    ~^
../src/dma.c:142:21: warning: format '%x' expects argument of type 'unsigned int', but argument 3 has type 'struct SG_Desc_def *' [-Wformat=]
   printf("RX_ %d = %x \r\n",i,SG_RX_Descriptor);
                    ~^
../src/dma.c:145:2: warning: implicit declaration of function 'Xil_DCacheFlushRange' [-Wimplicit-function-declaration]
  Xil_DCacheFlushRange((UINTPTR)(u32)tx_DB_BaseAddr, (DB_NUM_AB + DB_NUM_C) * DB_desc_Size);
  ^~~~~~~~~~~~~~~~~~~~
../src/dma.c: In function 'dma_start':
../src/dma.c:152:14: warning: assignment makes pointer from integer without a cast [-Wint-conversion]
  SG_Register = dma_baseAddr;
              ^
../src/dma.c:195:26: warning: format '%d' expects argument of type 'int', but argument 2 has type 'u32 {aka long unsigned int}' [-Wformat=]
  printf("time elapsed = %d us\r\n",tUsed);
                         ~^
                         %ld
../src/dma.c: In function 'cpu_caclu':
../src/dma.c:238:10: warning: assignment makes pointer from integer without a cast [-Wint-conversion]
  p_Addr0 = tx_buffer_BaseAddr;
          ^
../src/dma.c:239:10: warning: assignment makes pointer from integer without a cast [-Wint-conversion]
  p_Bddr0 = tx_buffer_BaseAddr + DB_BUFF_LEN;
          ^
../src/dma.c:243:28: warning: format '%x' expects argument of type 'unsigned int', but argument 3 has type 'float *' [-Wformat=]
   printf("i=%d ,p_Addr0 = %x \r\n",i,p_Addr0);
                           ~^
../src/dma.c:244:28: warning: format '%x' expects argument of type 'unsigned int', but argument 3 has type 'float *' [-Wformat=]
   printf("i=%d ,p_Bddr0 = %x \r\n",i,p_Bddr0);
                           ~^
../src/dma.c:271:10: warning: assignment makes pointer from integer without a cast [-Wint-conversion]
  p_Addr0 = tx_buffer_BaseAddr;
          ^
../src/dma.c:284:10: warning: assignment makes pointer from integer without a cast [-Wint-conversion]
  p_Bddr0 = tx_buffer_BaseAddr + DB_BUFF_LEN;
          ^
../src/dma.c: In function 'cpu_comp_FPGA':
../src/dma.c:310:8: warning: assignment makes pointer from integer without a cast [-Wint-conversion]
  p_ddr = ddr_baseAddr;
        ^
../src/dma.c:311:9: warning: assignment makes pointer from integer without a cast [-Wint-conversion]
  p_buff = buff_baseAddr;
         ^
'Finished building: ../src/dma.c'
' '
'Building target: prj_ps.elf'
'Invoking: ARM v7 gcc linker'
arm-none-eabi-gcc -mcpu=cortex-a9 -mfpu=vfpv3 -mfloat-abi=hard -Wl,-build-id=none -specs=Xilinx.spec -Wl,-T -Wl,../src/lscript.ld -L../../prj_ps_bsp/ps7_cortexa9_0/lib -o "prj_ps.elf"  ./src/algorithm_ARM.o ./src/arm_comp_fpga.o ./src/dma.o ./src/helloworld.o ./src/platform.o   -lm -Wl,--start-group,-lxil,-lgcc,-lc,--end-group
'Finished building target: prj_ps.elf'
' '
'Invoking: ARM v7 Print Size'
arm-none-eabi-size prj_ps.elf  |tee "prj_ps.elf.size"
   text	   data	    bss	    dec	    hex	filename
  85508	   2580	3709728	3797816	 39f338	prj_ps.elf
'Finished building: prj_ps.elf.size'
' '
16:57:09 **** Incremental Build of configuration Debug for project prj_ps ****
make pre-build main-build 
a9-linaro-pre-build-step
' '
make: Nothing to be done for `main-build'.
17:00:58 **** Auto Build of configuration Debug for project prj_ps ****
make pre-build main-build 
a9-linaro-pre-build-step
' '
'Building file: ../src/algorithm_ARM.c'
'Invoking: ARM v7 gcc compiler'
arm-none-eabi-gcc -Wall -O0 -g3 -c -fmessage-length=0 -MT"src/algorithm_ARM.o" -mcpu=cortex-a9 -mfpu=vfpv3 -mfloat-abi=hard -I../../prj_ps_bsp/ps7_cortexa9_0/include -MMD -MP -MF"src/algorithm_ARM.d" -MT"src/algorithm_ARM.o" -o "src/algorithm_ARM.o" "../src/algorithm_ARM.c"
In file included from ../src/include.h:15:0,
                 from ../src/algorithm_ARM.c:7:
../../prj_ps_bsp/ps7_cortexa9_0/include/xtime_l.h:89:9: note: #pragma message: For the sleep routines, Global timer is being used
 #pragma message ("For the sleep routines, Global timer is being used")
         ^~~~~~~
../src/algorithm_ARM.c: In function 'get_img_grads':
../src/algorithm_ARM.c:73:13: warning: format '%x' expects argument of type 'unsigned int', but argument 2 has type 'double' [-Wformat=]
    printf("%x ",dstImg[i*img_w + j]);
            ~^   ~~~~~~~~~~~~~~~~~~~
            %f
../src/algorithm_ARM.c: In function 'arm_caclu':
../src/algorithm_ARM.c:300:9: warning: assignment from incompatible pointer type [-Wincompatible-pointer-types]
  dstImg = (unsigned char *)DATA_DST_ARM_ADDR;
         ^
[...]
../src/dma.c:741:51: warning: null character(s) ignored
../src/dma.c:741:53: warning: null character(s) ignored
../src/dma.c:741:55: warning: null character(s) ignored
../src/dma.c:741:57: warning: null character(s) ignored
../src/dma.c:741:59: warning: null character(s) ignored
../src/dma.c:741:61: warning: null character(s) ignored
../src/dma.c:741:63: warning: null character(s) ignored
../src/dma.c:741:65: warning: null character(s) ignored
../src/dma.c:741:67: warning: null character(s) ignored
../src/dma.c:741:69: warning: null character(s) ignored
../src/dma.c:741:71: warning: null character(s) ignored
../src/dma.c:741:73: warning: null character(s) ignored
../src/dma.c:741:75: warning: null character(s) ignored
../src/dma.c:741:77: warning: null character(s) ignored
../src/dma.c:742:1: warning: null character(s) ignored
../src/dma.c:743:1: warning: null character(s) ignored
../src/dma.c:743:3: warning: null character(s) ignored
../src/dma.c:743:5: warning: null character(s) ignored
../src/dma.c:743:9: warning: null character(s) ignored
../src/dma.c:743:11: warning: null character(s) ignored
../src/dma.c:743:13: warning: null character(s) ignored
../src/dma.c:743:15: warning: null character(s) ignored
../src/dma.c:743:17: warning: null character(s) ignored
../src/dma.c:743:19: warning: null character(s) ignored
../src/dma.c:743:21: warning: null character(s) ignored
../src/dma.c:743:23: warning: null character(s) ignored
../src/dma.c:743:25: warning: null character(s) ignored
../src/dma.c:743:27: warning: null character(s) ignored
../src/dma.c:743:29: warning: null character(s) ignored
../src/dma.c:743:31: warning: null character(s) ignored
../src/dma.c:743:33: warning: null character(s) ignored
../src/dma.c:743:35: warning: null character(s) ignored
../src/dma.c:743:37: warning: null character(s) ignored
../src/dma.c:743:39: warning: null character(s) ignored
../src/dma.c:743:41: warning: null character(s) ignored
../src/dma.c:743:43: warning: null character(s) ignored
../src/dma.c:743:45: warning: null character(s) ignored
../src/dma.c:743:47: warning: null character(s) ignored
../src/dma.c:743:49: warning: null character(s) ignored
../src/dma.c:743:51: warning: null character(s) ignored
../src/dma.c:743:53: warning: null character(s) ignored
../src/dma.c:743:55: warning: null character(s) ignored
../src/dma.c:743:57: warning: null character(s) ignored
../src/dma.c:743:59: warning: null character(s) ignored
../src/dma.c:743:61: warning: null character(s) ignored
../src/dma.c:743:63: warning: null character(s) ignored
../src/dma.c:743:65: warning: null character(s) ignored
../src/dma.c:743:67: warning: null character(s) ignored
../src/dma.c:743:69: warning: null character(s) ignored
../src/dma.c:743:71: warning: null character(s) ignored
../src/dma.c:743:73: warning: null character(s) ignored
../src/dma.c:743:75: warning: null character(s) ignored
../src/dma.c:743:77: warning: null character(s) ignored
../src/dma.c:743:79: warning: null character(s) ignored
../src/dma.c:743:81: warning: null character(s) ignored
../src/dma.c:743:83: warning: null character(s) ignored
../src/dma.c:743:85: warning: null character(s) ignored
../src/dma.c:743:87: warning: null character(s) ignored
../src/dma.c:743:89: warning: null character(s) ignored
../src/dma.c:743:91: warning: null character(s) ignored
../src/dma.c:743:95: warning: null character(s) ignored
../src/dma.c:743:97: warning: null character(s) ignored
../src/dma.c:743:99: warning: null character(s) ignored
../src/dma.c:743:101: warning: null character(s) ignored
../src/dma.c:743:103: warning: null character(s) ignored
../src/dma.c:743:105: warning: null character(s) ignored
../src/dma.c:743:107: warning: null character(s) ignored
../src/dma.c:743:109: warning: null character(s) ignored
../src/dma.c:743:111: warning: null character(s) ignored
../src/dma.c:743:113: warning: null character(s) ignored
../src/dma.c:743:115: warning: null character(s) ignored
../src/dma.c:743:117: warning: null character(s) ignored
../src/dma.c:743:119: warning: null character(s) ignored
../src/dma.c:743:121: warning: null character(s) ignored
../src/dma.c:743:123: warning: null character(s) ignored
../src/dma.c:743:125: warning: null character(s) ignored
../src/dma.c:743:127: warning: null character(s) ignored
../src/dma.c:743:129: warning: null character(s) ignored
../src/dma.c:743:131: warning: null character(s) ignored
../src/dma.c:743:133: warning: null character(s) ignored
../src/dma.c:743:135: warning: null character(s) ignored
../src/dma.c:743:137: warning: null character(s) ignored
../src/dma.c:743:139: warning: null character(s) ignored
../src/dma.c:743:141: warning: null character(s) ignored
../src/dma.c:743:145: warning: null character(s) ignored
../src/dma.c:743:147: warning: null character(s) ignored
../src/dma.c:743:149: warning: null character(s) ignored
../src/dma.c:743:151: warning: null character(s) ignored
../src/dma.c:743:153: warning: null character(s) ignored
../src/dma.c:743:155: warning: null character(s) ignored
../src/dma.c:743:157: warning: null character(s) ignored
../src/dma.c:743:159: warning: null character(s) ignored
../src/dma.c:743:161: warning: null character(s) ignored
../src/dma.c:743:163: warning: null character(s) ignored
../src/dma.c:743:165: warning: null character(s) ignored
../src/dma.c:743:167: warning: null character(s) ignored
../src/dma.c:743:169: warning: null character(s) ignored
../src/dma.c:744:1: warning: null character(s) ignored
../src/dma.c:745:1: warning: null character(s) ignored
../src/dma.c:745:3: warning: null character(s) ignored
../src/dma.c:745:5: warning: null character(s) ignored
../src/dma.c:745:9: warning: null character(s) ignored
../src/dma.c:745:11: warning: null character(s) ignored
../src/dma.c:745:13: warning: null character(s) ignored
../src/dma.c:745:15: warning: null character(s) ignored
../src/dma.c:745:17: warning: null character(s) ignored
../src/dma.c:745:19: warning: null character(s) ignored
../src/dma.c:745:21: warning: null character(s) ignored
../src/dma.c:745:23: warning: null character(s) ignored
../src/dma.c:745:25: warning: null character(s) ignored
../src/dma.c:745:27: warning: null character(s) ignored
../src/dma.c:745:29: warning: null character(s) ignored
../src/dma.c:745:31: warning: null character(s) ignored
../src/dma.c:745:33: warning: null character(s) ignored
../src/dma.c:745:35: warning: null character(s) ignored
../src/dma.c:745:37: warning: null character(s) ignored
../src/dma.c:745:39: warning: null character(s) ignored
../src/dma.c:745:41: warning: null character(s) ignored
../src/dma.c:745:43: warning: null character(s) ignored
../src/dma.c:745:45: warning: null character(s) ignored
../src/dma.c:745:47: warning: null character(s) ignored
../src/dma.c:745:49: warning: null character(s) ignored
../src/dma.c:745:51: warning: null character(s) ignored
../src/dma.c:745:53: warning: null character(s) ignored
../src/dma.c:745:55: warning: null character(s) ignored
../src/dma.c:745:57: warning: null character(s) ignored
../src/dma.c:745:59: warning: null character(s) ignored
../src/dma.c:745:61: warning: null character(s) ignored
../src/dma.c:745:63: warning: null character(s) ignored
../src/dma.c:745:65: warning: null character(s) ignored
../src/dma.c:745:67: warning: null character(s) ignored
../src/dma.c:745:69: warning: null character(s) ignored
../src/dma.c:745:71: warning: null character(s) ignored
../src/dma.c:745:73: warning: null character(s) ignored
../src/dma.c:745:75: warning: null character(s) ignored
../src/dma.c:745:77: warning: null character(s) ignored
../src/dma.c:745:79: warning: null character(s) ignored
../src/dma.c:745:81: warning: null character(s) ignored
../src/dma.c:745:83: warning: null character(s) ignored
../src/dma.c:745:85: warning: null character(s) ignored
../src/dma.c:745:87: warning: null character(s) ignored
../src/dma.c:745:89: warning: null character(s) ignored
../src/dma.c:745:91: warning: null character(s) ignored
../src/dma.c:745:93: warning: null character(s) ignored
../src/dma.c:745:95: warning: null character(s) ignored
../src/dma.c:745:97: warning: null character(s) ignored
../src/dma.c:745:99: warning: null character(s) ignored
../src/dma.c:745:101: warning: null character(s) ignored
../src/dma.c:745:103: warning: null character(s) ignored
../src/dma.c:745:107: warning: null character(s) ignored
../src/dma.c:745:109: warning: null character(s) ignored
../src/dma.c:745:111: warning: null character(s) ignored
../src/dma.c:745:113: warning: null character(s) ignored
../src/dma.c:745:115: warning: null character(s) ignored
../src/dma.c:745:117: warning: null character(s) ignored
../src/dma.c:745:119: warning: null character(s) ignored
../src/dma.c:745:121: warning: null character(s) ignored
../src/dma.c:745:123: warning: null character(s) ignored
../src/dma.c:745:125: warning: null character(s) ignored
../src/dma.c:745:127: warning: null character(s) ignored
../src/dma.c:745:129: warning: null character(s) ignored
../src/dma.c:745:131: warning: null character(s) ignored
../src/dma.c:745:133: warning: null character(s) ignored
../src/dma.c:745:135: warning: null character(s) ignored
../src/dma.c:745:137: warning: null character(s) ignored
../src/dma.c:745:139: warning: null character(s) ignored
../src/dma.c:745:141: warning: null character(s) ignored
../src/dma.c:745:143: warning: null character(s) ignored
../src/dma.c:745:145: warning: null character(s) ignored
../src/dma.c:745:147: warning: null character(s) ignored
../src/dma.c:745:149: warning: null character(s) ignored
../src/dma.c:745:151: warning: null character(s) ignored
../src/dma.c:745:153: warning: null character(s) ignored
../src/dma.c:745:157: warning: null character(s) ignored
../src/dma.c:745:159: warning: null character(s) ignored
../src/dma.c:745:161: warning: null character(s) ignored
../src/dma.c:745:163: warning: null character(s) ignored
../src/dma.c:745:165: warning: null character(s) ignored
../src/dma.c:745:167: warning: null character(s) ignored
../src/dma.c:745:169: warning: null character(s) ignored
../src/dma.c:745:171: warning: null character(s) ignored
../src/dma.c:746:1: warning: null character(s) ignored
../src/dma.c:747:1: warning: null character(s) ignored
../src/dma.c:747:3: warning: null character(s) ignored
../src/dma.c:747:5: warning: null character(s) ignored
../src/dma.c:747:9: warning: null character(s) ignored
../src/dma.c:747:11: warning: null character(s) ignored
../src/dma.c:747:13: warning: null character(s) ignored
../src/dma.c:747:15: warning: null character(s) ignored
../src/dma.c:747:17: warning: null character(s) ignored
../src/dma.c:747:19: warning: null character(s) ignored
../src/dma.c:747:21: warning: null character(s) ignored
../src/dma.c:747:23: warning: null character(s) ignored
../src/dma.c:747:25: warning: null character(s) ignored
../src/dma.c:747:27: warning: null character(s) ignored
../src/dma.c:747:29: warning: null character(s) ignored
../src/dma.c:747:31: warning: null character(s) ignored
../src/dma.c:747:33: warning: null character(s) ignored
../src/dma.c:747:35: warning: null character(s) ignored
../src/dma.c:747:37: warning: null character(s) ignored
../src/dma.c:747:39: warning: null character(s) ignored
../src/dma.c:747:41: warning: null character(s) ignored
../src/dma.c:747:43: warning: null character(s) ignored
../src/dma.c:747:45: warning: null character(s) ignored
../src/dma.c:747:47: warning: null character(s) ignored
../src/dma.c:747:49: warning: null character(s) ignored
../src/dma.c:747:51: warning: null character(s) ignored
../src/dma.c:747:53: warning: null character(s) ignored
../src/dma.c:747:55: warning: null character(s) ignored
../src/dma.c:747:57: warning: null character(s) ignored
../src/dma.c:747:59: warning: null character(s) ignored
../src/dma.c:747:61: warning: null character(s) ignored
../src/dma.c:747:63: warning: null character(s) ignored
../src/dma.c:747:65: warning: null character(s) ignored
../src/dma.c:747:67: warning: null character(s) ignored
../src/dma.c:747:69: warning: null character(s) ignored
../src/dma.c:747:71: warning: null character(s) ignored
../src/dma.c:747:73: warning: null character(s) ignored
../src/dma.c:747:75: warning: null character(s) ignored
../src/dma.c:747:77: warning: null character(s) ignored
../src/dma.c:747:79: warning: null character(s) ignored
../src/dma.c:747:81: warning: null character(s) ignored
../src/dma.c:747:83: warning: null character(s) ignored
../src/dma.c:747:87: warning: null character(s) ignored
../src/dma.c:747:89: warning: null character(s) ignored
../src/dma.c:747:91: warning: null character(s) ignored
../src/dma.c:747:93: warning: null character(s) ignored
../src/dma.c:747:95: warning: null character(s) ignored
../src/dma.c:747:97: warning: null character(s) ignored
../src/dma.c:747:99: warning: null character(s) ignored
../src/dma.c:747:101: warning: null character(s) ignored
../src/dma.c:747:103: warning: null character(s) ignored
../src/dma.c:747:105: warning: null character(s) ignored
../src/dma.c:747:107: warning: null character(s) ignored
../src/dma.c:747:109: warning: null character(s) ignored
../src/dma.c:747:111: warning: null character(s) ignored
../src/dma.c:747:113: warning: null character(s) ignored
../src/dma.c:747:115: warning: null character(s) ignored
../src/dma.c:747:117: warning: null character(s) ignored
../src/dma.c:748:1: warning: null character(s) ignored
../src/dma.c:749:1: warning: null character(s) ignored
../src/dma.c:750:1: warning: null character(s) ignored
../src/dma.c:751:1: warning: null character(s) ignored
../src/dma.c:752:1: warning: null character(s) ignored
../src/dma.c:753:1: warning: null character(s) ignored
../src/dma.c:754:1: warning: null character(s) ignored
../src/dma.c:755:1: warning: null character(s) ignored
../src/dma.c:756:1: warning: null character(s) ignored
../src/dma.c:757:1: warning: null character(s) ignored
../src/dma.c:758:1: warning: null character(s) ignored
../src/dma.c:759:1: warning: null character(s) ignored
../src/dma.c:759:3: warning: null character(s) ignored
../src/dma.c:760:1: warning: null character(s) ignored
make: *** [src/dma.o] ´íÎó 1
16:43:46 **** Auto Build of configuration Debug for project prj_ps ****
make pre-build main-build 
a9-linaro-pre-build-step
' '
'Building file: ../src/dma.c'
'Invoking: ARM v7 gcc compiler'
arm-none-eabi-gcc -Wall -O0 -g3 -c -fmessage-length=0 -MT"src/dma.o" -mcpu=cortex-a9 -mfpu=vfpv3 -mfloat-abi=hard -I../../prj_ps_bsp/ps7_cortexa9_0/include -MMD -MP -MF"src/dma.d" -MT"src/dma.o" -o "src/dma.o" "../src/dma.c"
In file included from ../src/include.h:15:0,
                 from ../src/dma.c:9:
../../prj_ps_bsp/ps7_cortexa9_0/include/xtime_l.h:89:9: note: #pragma message: For the sleep routines, Global timer is being used
 #pragma message ("For the sleep routines, Global timer is being used")
         ^~~~~~~
../src/dma.c:18:19: warning: ISO C99 requires whitespace after the macro name
 #define CANNY_TEST;
                   ^
../src/dma.c: In function 'dma_descriptor_init':
../src/dma.c:66:19: warning: assignment makes pointer from integer without a cast [-Wint-conversion]
  SG_TX_Descriptor = tx_DB_BaseAddr;
                   ^
../src/dma.c:67:19: warning: assignment makes pointer from integer without a cast [-Wint-conversion]
  SG_RX_Descriptor = rx_DB_BaseAddr;
                   ^
../src/dma.c:110:21: warning: format '%x' expects argument of type 'unsigned int', but argument 3 has type 'struct SG_Desc_def *' [-Wformat=]
   printf("TX_ %d = %x \r\n",i,SG_TX_Descriptor);
                    ~^
../src/dma.c:142:21: warning: format '%x' expects argument of type 'unsigned int', but argument 3 has type 'struct SG_Desc_def *' [-Wformat=]
   printf("RX_ %d = %x \r\n",i,SG_RX_Descriptor);
                    ~^
../src/dma.c:145:2: warning: implicit declaration of function 'Xil_DCacheFlushRange' [-Wimplicit-function-declaration]
  Xil_DCacheFlushRange((UINTPTR)(u32)tx_DB_BaseAddr, (DB_NUM_AB + DB_NUM_C) * DB_desc_Size);
  ^~~~~~~~~~~~~~~~~~~~
../src/dma.c: In function 'dma_start':
../src/dma.c:152:14: warning: assignment makes pointer from integer without a cast [-Wint-conversion]
  SG_Register = dma_baseAddr;
              ^
../src/dma.c:195:26: warning: format '%d' expects argument of type 'int', but argument 2 has type 'u32 {aka long unsigned int}' [-Wformat=]
  printf("time elapsed = %d us\r\n",tUsed);
                         ~^
                         %ld
../src/dma.c: In function 'cpu_caclu':
../src/dma.c:238:10: warning: assignment makes pointer from integer without a cast [-Wint-conversion]
  p_Addr0 = tx_buffer_BaseAddr;
          ^
../src/dma.c:239:10: warning: assignment makes pointer from integer without a cast [-Wint-conversion]
  p_Bddr0 = tx_buffer_BaseAddr + DB_BUFF_LEN;
          ^
../src/dma.c:243:28: warning: format '%x' expects argument of type 'unsigned int', but argument 3 has type 'float *' [-Wformat=]
   printf("i=%d ,p_Addr0 = %x \r\n",i,p_Addr0);
                           ~^
../src/dma.c:244:28: warning: format '%x' expects argument of type 'unsigned int', but argument 3 has type 'float *' [-Wformat=]
   printf("i=%d ,p_Bddr0 = %x \r\n",i,p_Bddr0);
                           ~^
../src/dma.c:271:10: warning: assignment makes pointer from integer without a cast [-Wint-conversion]
  p_Addr0 = tx_buffer_BaseAddr;
          ^
../src/dma.c:284:10: warning: assignment makes pointer from integer without a cast [-Wint-conversion]
  p_Bddr0 = tx_buffer_BaseAddr + DB_BUFF_LEN;
          ^
../src/dma.c: In function 'cpu_comp_FPGA':
../src/dma.c:310:8: warning: assignment makes pointer from integer without a cast [-Wint-conversion]
  p_ddr = ddr_baseAddr;
        ^
../src/dma.c:311:9: warning: assignment makes pointer from integer without a cast [-Wint-conversion]
  p_buff = buff_baseAddr;
         ^
'Finished building: ../src/dma.c'
' '
'Building file: ../src/helloworld.c'
'Invoking: ARM v7 gcc compiler'
arm-none-eabi-gcc -Wall -O0 -g3 -c -fmessage-length=0 -MT"src/helloworld.o" -mcpu=cortex-a9 -mfpu=vfpv3 -mfloat-abi=hard -I../../prj_ps_bsp/ps7_cortexa9_0/include -MMD -MP -MF"src/helloworld.d" -MT"src/helloworld.o" -o "src/helloworld.o" "../src/helloworld.c"
In file included from ../src/include.h:15:0,
                 from ../src/helloworld.c:49:
../../prj_ps_bsp/ps7_cortexa9_0/include/xtime_l.h:89:9: note: #pragma message: For the sleep routines, Global timer is being used
 #pragma message ("For the sleep routines, Global timer is being used")
         ^~~~~~~
../src/helloworld.c: In function 'main':
../src/helloworld.c:64:5: warning: implicit declaration of function 'init_platform' [-Wimplicit-function-declaration]
     init_platform();
     ^~~~~~~~~~~~~
../src/helloworld.c:77:5: warning: implicit declaration of function 'cleanup_platform' [-Wimplicit-function-declaration]
     cleanup_platform();
     ^~~~~~~~~~~~~~~~
'Finished building: ../src/helloworld.c'
' '
'Building file: ../src/platform.c'
'Invoking: ARM v7 gcc compiler'
arm-none-eabi-gcc -Wall -O0 -g3 -c -fmessage-length=0 -MT"src/platform.o" -mcpu=cortex-a9 -mfpu=vfpv3 -mfloat-abi=hard -I../../prj_ps_bsp/ps7_cortexa9_0/include -MMD -MP -MF"src/platform.d" -MT"src/platform.o" -o "src/platform.o" "../src/platform.c"
'Finished building: ../src/platform.c'
' '
'Building target: prj_ps.elf'
'Invoking: ARM v7 gcc linker'
arm-none-eabi-gcc -mcpu=cortex-a9 -mfpu=vfpv3 -mfloat-abi=hard -Wl,-build-id=none -specs=Xilinx.spec -Wl,-T -Wl,../src/lscript.ld -L../../prj_ps_bsp/ps7_cortexa9_0/lib -o "prj_ps.elf"  ./src/algorithm_ARM.o ./src/arm_comp_fpga.o ./src/dma.o ./src/helloworld.o ./src/platform.o   -lm -Wl,--start-group,-lxil,-lgcc,-lc,--end-group
d:/xilinx/sdk/2018.1/gnu/aarch32/nt/gcc-arm-none-eabi/bin/../lib/gcc/arm-none-eabi/7.2.1/../../../../arm-none-eabi/bin/ld.exe: cannot find -lxil
collect2.exe: error: ld returned 1 exit status
make: *** [prj_ps.elf] ´íÎó 1
