Copyright 1986-2018 Xilinx, Inc. All Rights Reserved.
---------------------------------------------------------------------------------------------------
| Tool Version : Vivado v.2018.1 (win64) Build 2188600 Wed Apr  4 18:40:38 MDT 2018
| Date         : Mon Aug 26 16:12:10 2019
| Host         : VT2OB6D7ZB52FZ0 running 64-bit major release  (build 9200)
| Command      : report_utilization -file top_utilization_placed.rpt -pb top_utilization_placed.pb
| Design       : top
| Device       : 7z020clg400-1
| Design State : Fully Placed
---------------------------------------------------------------------------------------------------

Utilization Design Information

Table of Contents
-----------------
1. Slice Logic
1.1 Summary of Registers by Type
2. Slice Logic Distribution
3. Memory
4. DSP
5. IO and GT Specific
6. Clocking
7. Specific Feature
8. Primitives
9. Black Boxes
10. Instantiated Netlists

1. Slice Logic
--------------

+----------------------------+-------+-------+-----------+-------+
|          Site Type         |  Used | Fixed | Available | Util% |
+----------------------------+-------+-------+-----------+-------+
| Slice LUTs                 | 23103 |     0 |     53200 | 43.43 |
|   LUT as Logic             | 21122 |     0 |     53200 | 39.70 |
|   LUT as Memory            |  1981 |     0 |     17400 | 11.39 |
|     LUT as Distributed RAM |  1008 |     0 |           |       |
|     LUT as Shift Register  |   973 |     0 |           |       |
| Slice Registers            | 30083 |     0 |    106400 | 28.27 |
|   Register as Flip Flop    | 30083 |     0 |    106400 | 28.27 |
|   Register as Latch        |     0 |     0 |    106400 |  0.00 |
| F7 Muxes                   |   109 |     0 |     26600 |  0.41 |
| F8 Muxes                   |     0 |     0 |     13300 |  0.00 |
+----------------------------+-------+-------+-----------+-------+


1.1 Summary of Registers by Type
--------------------------------

+-------+--------------+-------------+--------------+
| Total | Clock Enable | Synchronous | Asynchronous |
+-------+--------------+-------------+--------------+
| 0     |            _ |           - |            - |
| 0     |            _ |           - |          Set |
| 0     |            _ |           - |        Reset |
| 0     |            _ |         Set |            - |
| 0     |            _ |       Reset |            - |
| 0     |          Yes |           - |            - |
| 6     |          Yes |           - |          Set |
| 20    |          Yes |           - |        Reset |
| 893   |          Yes |         Set |            - |
| 29164 |          Yes |       Reset |            - |
+-------+--------------+-------------+--------------+


2. Slice Logic Distribution
---------------------------

+-------------------------------------------+-------+-------+-----------+-------+
|                 Site Type                 |  Used | Fixed | Available | Util% |
+-------------------------------------------+-------+-------+-----------+-------+
| Slice                                     |  9412 |     0 |     13300 | 70.77 |
|   SLICEL                                  |  6296 |     0 |           |       |
|   SLICEM                                  |  3116 |     0 |           |       |
| LUT as Logic                              | 21122 |     0 |     53200 | 39.70 |
|   using O5 output only                    |    20 |       |           |       |
|   using O6 output only                    | 17174 |       |           |       |
|   using O5 and O6                         |  3928 |       |           |       |
| LUT as Memory                             |  1981 |     0 |     17400 | 11.39 |
|   LUT as Distributed RAM                  |  1008 |     0 |           |       |
|     using O5 output only                  |     0 |       |           |       |
|     using O6 output only                  |    24 |       |           |       |
|     using O5 and O6                       |   984 |       |           |       |
|   LUT as Shift Register                   |   973 |     0 |           |       |
|     using O5 output only                  |    61 |       |           |       |
|     using O6 output only                  |   396 |       |           |       |
|     using O5 and O6                       |   516 |       |           |       |
| LUT Flip Flop Pairs                       | 12802 |     0 |     53200 | 24.06 |
|   fully used LUT-FF pairs                 |  1820 |       |           |       |
|   LUT-FF pairs with one unused LUT output |  9766 |       |           |       |
|   LUT-FF pairs with one unused Flip Flop  |  9637 |       |           |       |
| Unique Control Sets                       |  1212 |       |           |       |
+-------------------------------------------+-------+-------+-----------+-------+
* Note: Review the Control Sets Report for more information regarding control sets.


3. Memory
---------

+-------------------+------+-------+-----------+-------+
|     Site Type     | Used | Fixed | Available | Util% |
+-------------------+------+-------+-----------+-------+
| Block RAM Tile    |   41 |     0 |       140 | 29.29 |
|   RAMB36/FIFO*    |   28 |     0 |       140 | 20.00 |
|     RAMB36E1 only |   28 |       |           |       |
|   RAMB18          |   26 |     0 |       280 |  9.29 |
|     RAMB18E1 only |   26 |       |           |       |
+-------------------+------+-------+-----------+-------+
* Note: Each Block RAM Tile only has one FIFO logic available and therefore can accommodate only one FIFO36E1 or one FIFO18E1. However, if a FIFO18E1 occupies a Block RAM Tile, that tile can still accommodate a RAMB18E1


4. DSP
------

+----------------+------+-------+-----------+-------+
|    Site Type   | Used | Fixed | Available | Util% |
+----------------+------+-------+-----------+-------+
| DSPs           |   38 |     0 |       220 | 17.27 |
|   DSP48E1 only |   38 |       |           |       |
+----------------+------+-------+-----------+-------+


5. IO and GT Specific
---------------------

+-----------------------------+------+-------+-----------+--------+
|          Site Type          | Used | Fixed | Available |  Util% |
+-----------------------------+------+-------+-----------+--------+
| Bonded IOB                  |   21 |    21 |       125 |  16.80 |
|   IOB Master Pads           |   11 |       |           |        |
|   IOB Slave Pads            |   10 |       |           |        |
| Bonded IPADs                |    0 |     0 |         2 |   0.00 |
| Bonded IOPADs               |  130 |   130 |       130 | 100.00 |
| PHY_CONTROL                 |    0 |     0 |         4 |   0.00 |
| PHASER_REF                  |    0 |     0 |         4 |   0.00 |
| OUT_FIFO                    |    0 |     0 |        16 |   0.00 |
| IN_FIFO                     |    0 |     0 |        16 |   0.00 |
| IDELAYCTRL                  |    0 |     0 |         4 |   0.00 |
| IBUFDS                      |    0 |     0 |       121 |   0.00 |
| PHASER_OUT/PHASER_OUT_PHY   |    0 |     0 |        16 |   0.00 |
| PHASER_IN/PHASER_IN_PHY     |    0 |     0 |        16 |   0.00 |
| IDELAYE2/IDELAYE2_FINEDELAY |    0 |     0 |       200 |   0.00 |
| ILOGIC                      |    0 |     0 |       125 |   0.00 |
| OLOGIC                      |    0 |     0 |       125 |   0.00 |
+-----------------------------+------+-------+-----------+--------+


6. Clocking
-----------

+------------+------+-------+-----------+-------+
|  Site Type | Used | Fixed | Available | Util% |
+------------+------+-------+-----------+-------+
| BUFGCTRL   |    4 |     0 |        32 | 12.50 |
| BUFIO      |    0 |     0 |        16 |  0.00 |
| MMCME2_ADV |    1 |     0 |         4 | 25.00 |
| PLLE2_ADV  |    0 |     0 |         4 |  0.00 |
| BUFMRCE    |    0 |     0 |         8 |  0.00 |
| BUFHCE     |    0 |     0 |        72 |  0.00 |
| BUFR       |    0 |     0 |        16 |  0.00 |
+------------+------+-------+-----------+-------+


7. Specific Feature
-------------------

+-------------+------+-------+-----------+-------+
|  Site Type  | Used | Fixed | Available | Util% |
+-------------+------+-------+-----------+-------+
| BSCANE2     |    0 |     0 |         4 |  0.00 |
| CAPTUREE2   |    0 |     0 |         1 |  0.00 |
| DNA_PORT    |    0 |     0 |         1 |  0.00 |
| EFUSE_USR   |    0 |     0 |         1 |  0.00 |
| FRAME_ECCE2 |    0 |     0 |         1 |  0.00 |
| ICAPE2      |    0 |     0 |         2 |  0.00 |
| STARTUPE2   |    0 |     0 |         1 |  0.00 |
| XADC        |    0 |     0 |         1 |  0.00 |
+-------------+------+-------+-----------+-------+


8. Primitives
-------------

+------------+-------+----------------------+
|  Ref Name  |  Used |  Functional Category |
+------------+-------+----------------------+
| FDRE       | 29164 |         Flop & Latch |
| LUT4       |  6899 |                  LUT |
| LUT3       |  5070 |                  LUT |
| LUT6       |  4826 |                  LUT |
| LUT2       |  4190 |                  LUT |
| LUT5       |  3228 |                  LUT |
| CARRY4     |  1963 |           CarryLogic |
| RAMD32     |  1480 |   Distributed Memory |
| SRL16E     |  1314 |   Distributed Memory |
| FDSE       |   893 |         Flop & Latch |
| LUT1       |   837 |                  LUT |
| RAMS32     |   492 |   Distributed Memory |
| SRLC32E    |   175 |   Distributed Memory |
| BIBUF      |   130 |                   IO |
| MUXF7      |   109 |                MuxFx |
| DSP48E1    |    38 |     Block Arithmetic |
| RAMB36E1   |    28 |         Block Memory |
| RAMB18E1   |    26 |         Block Memory |
| RAMD64E    |    20 |   Distributed Memory |
| FDCE       |    20 |         Flop & Latch |
| IBUF       |    16 |                   IO |
| FDPE       |     6 |         Flop & Latch |
| OBUF       |     5 |                   IO |
| BUFG       |     4 |                Clock |
| OBUFT      |     2 |                   IO |
| PS7        |     1 | Specialized Resource |
| MMCME2_ADV |     1 |                Clock |
+------------+-------+----------------------+


9. Black Boxes
--------------

+----------+------+
| Ref Name | Used |
+----------+------+


10. Instantiated Netlists
-------------------------

+------------------------------------------+------+
|                 Ref Name                 | Used |
+------------------------------------------+------+
| fifo_maxtrix                             |   10 |
| fifo_generator_0                         |    1 |
| design_1_xbar_2                          |    1 |
| design_1_video_caputure_0_2              |    1 |
| design_1_util_vector_logic_0_0           |    1 |
| design_1_rst_processing_system7_0_100M_0 |    1 |
| design_1_processing_system7_0_0          |    1 |
| design_1_pipe_sel_0_1                    |    1 |
| design_1_img_get_grads_0_0               |    1 |
| design_1_clk_wiz_0_0                     |    1 |
| design_1_channel_switcher_0_0            |    1 |
| design_1_canny_bd_0_0                    |    1 |
| design_1_axis_dwidth_converter_0_1       |    1 |
| design_1_axis_dwidth_converter_0_0       |    1 |
| design_1_axi_vdma_imgCapture1_0          |    1 |
| design_1_axi_vdma_1_0                    |    1 |
| design_1_axi_vdma_0_1                    |    1 |
| design_1_axi_vdma_0_0                    |    1 |
| design_1_axi_smc_4_0                     |    1 |
| design_1_axi_smc_3_0                     |    1 |
| design_1_axi_smc_2_0                     |    1 |
| design_1_axi_smc_1_0                     |    1 |
| design_1_axi_smc_1                       |    1 |
| design_1_axi_gpio_0_1                    |    1 |
| design_1_axi_dma_0_2                     |    1 |
| design_1_auto_pc_0                       |    1 |
| design_1_aixs2dma_0_1                    |    1 |
+------------------------------------------+------+


